[    0.000000] Initializing cgroup subsys cpuset
[    0.000000] Initializing cgroup subsys cpu
[    0.000000] Initializing cgroup subsys cpuacct
[    0.000000] Linux version 4.4.0-210-generic (buildd@lgw01-amd64-009) (gcc version 5.4.0 20160609 (Ubuntu 5.4.0-6ubuntu1~16.04.12) ) #242-Ubuntu SMP Fri Apr 16 09:57:56 UTC 2021 (Ubuntu 4.4.0-210.242-generic 4.4.262)
[    0.000000] Command line: BOOT_IMAGE=/boot/vmlinuz-4.4.0-210-generic root=LABEL=cloudimg-rootfs ro console=tty1 console=ttyS0
[    0.000000] KERNEL supported cpus:
[    0.000000]   Intel GenuineIntel
[    0.000000]   AMD AuthenticAMD
[    0.000000]   Centaur CentaurHauls
[    0.000000] [Firmware Bug]: TSC doesn't count with P0 frequency!
[    0.000000] x86/fpu: Legacy x87 FPU detected.
[    0.000000] e820: BIOS-provided physical RAM map:
[    0.000000] BIOS-e820: [mem 0x0000000000000000-0x000000000009fbff] usable
[    0.000000] BIOS-e820: [mem 0x000000000009fc00-0x000000000009ffff] reserved
[    0.000000] BIOS-e820: [mem 0x00000000000f0000-0x00000000000fffff] reserved
[    0.000000] BIOS-e820: [mem 0x0000000000100000-0x000000003ffeffff] usable
[    0.000000] BIOS-e820: [mem 0x000000003fff0000-0x000000003fffffff] ACPI data
[    0.000000] BIOS-e820: [mem 0x00000000fec00000-0x00000000fec00fff] reserved
[    0.000000] BIOS-e820: [mem 0x00000000fee00000-0x00000000fee00fff] reserved
[    0.000000] BIOS-e820: [mem 0x00000000fffc0000-0x00000000ffffffff] reserved
[    0.000000] NX (Execute Disable) protection: active
[    0.000000] SMBIOS 2.5 present.
[    0.000000] Hypervisor detected: KVM
[    0.000000] Kernel/User page tables isolation: disabled
[    0.000000] e820: last_pfn = 0x3fff0 max_arch_pfn = 0x400000000
[    0.000000] MTRR: Disabled
[    0.000000] x86/PAT: MTRRs disabled, skipping PAT initialization too.
[    0.000000] CPU MTRRs all blank - virtualized system.
[    0.000000] x86/PAT: Configuration [0-7]: WB  WT  UC- UC  WB  WT  UC- UC  
[    0.000000] found SMP MP-table at [mem 0x0009fff0-0x0009ffff] mapped at [ffff88000009fff0]
[    0.000000] Scanning 1 areas for low memory corruption
[    0.000000] RAMDISK: [mem 0x362dc000-0x37165fff]
[    0.000000] ACPI: Early table checksum verification disabled
[    0.000000] ACPI: RSDP 0x00000000000E0000 000024 (v02 VBOX  )
[    0.000000] ACPI: XSDT 0x000000003FFF0030 00003C (v01 VBOX   VBOXXSDT 00000001 ASL  00000061)
[    0.000000] ACPI: FACP 0x000000003FFF00F0 0000F4 (v04 VBOX   VBOXFACP 00000001 ASL  00000061)
[    0.000000] ACPI: DSDT 0x000000003FFF0610 002353 (v02 VBOX   VBOXBIOS 00000002 INTL 20100528)
[    0.000000] ACPI: FACS 0x000000003FFF0200 000040
[    0.000000] ACPI: FACS 0x000000003FFF0200 000040
[    0.000000] ACPI: APIC 0x000000003FFF0240 00005C (v02 VBOX   VBOXAPIC 00000001 ASL  00000061)
[    0.000000] ACPI: SSDT 0x000000003FFF02A0 00036C (v01 VBOX   VBOXCPUT 00000002 INTL 20100528)
[    0.000000] No NUMA configuration found
[    0.000000] Faking a node at [mem 0x0000000000000000-0x000000003ffeffff]
[    0.000000] NODE_DATA(0) allocated [mem 0x3ffeb000-0x3ffeffff]
[    0.000000] kvm-clock: Using msrs 4b564d01 and 4b564d00
[    0.000000] kvm-clock: cpu 0, msr 0:3ffe3001, primary cpu clock
[    0.000000] kvm-clock: using sched offset of 3726552341 cycles
[    0.000000] clocksource: kvm-clock: mask: 0xffffffffffffffff max_cycles: 0x1cd42e4dffb, max_idle_ns: 881590591483 ns
[    0.000000] Zone ranges:
[    0.000000]   DMA      [mem 0x0000000000001000-0x0000000000ffffff]
[    0.000000]   DMA32    [mem 0x0000000001000000-0x000000003ffeffff]
[    0.000000]   Normal   empty
[    0.000000]   Device   empty
[    0.000000] Movable zone start for each node
[    0.000000] Early memory node ranges
[    0.000000]   node   0: [mem 0x0000000000001000-0x000000000009efff]
[    0.000000]   node   0: [mem 0x0000000000100000-0x000000003ffeffff]
[    0.000000] Initmem setup node 0 [mem 0x0000000000001000-0x000000003ffeffff]
[    0.000000] ACPI: PM-Timer IO Port: 0x4008
[    0.000000] IOAPIC[0]: apic_id 2, version 32, address 0xfec00000, GSI 0-23
[    0.000000] ACPI: INT_SRC_OVR (bus 0 bus_irq 0 global_irq 2 dfl dfl)
[    0.000000] ACPI: INT_SRC_OVR (bus 0 bus_irq 9 global_irq 9 low level)
[    0.000000] Using ACPI (MADT) for SMP configuration information
[    0.000000] smpboot: Allowing 2 CPUs, 0 hotplug CPUs
[    0.000000] PM: Registered nosave memory: [mem 0x00000000-0x00000fff]
[    0.000000] PM: Registered nosave memory: [mem 0x0009f000-0x0009ffff]
[    0.000000] PM: Registered nosave memory: [mem 0x000a0000-0x000effff]
[    0.000000] PM: Registered nosave memory: [mem 0x000f0000-0x000fffff]
[    0.000000] e820: [mem 0x40000000-0xfebfffff] available for PCI devices
[    0.000000] Booting paravirtualized kernel on KVM
[    0.000000] clocksource: refined-jiffies: mask: 0xffffffff max_cycles: 0xffffffff, max_idle_ns: 7645519600211568 ns
[    0.000000] setup_percpu: NR_CPUS:512 nr_cpumask_bits:512 nr_cpu_ids:2 nr_node_ids:1
[    0.000000] PERCPU: Embedded 33 pages/cpu @ffff88003fc00000 s95192 r8192 d31784 u1048576
[    0.000000] Built 1 zonelists in Node order, mobility grouping on.  Total pages: 257912
[    0.000000] Policy zone: DMA32
[    0.000000] Kernel command line: BOOT_IMAGE=/boot/vmlinuz-4.4.0-210-generic root=LABEL=cloudimg-rootfs ro console=tty1 console=ttyS0
[    0.000000] PID hash table entries: 4096 (order: 3, 32768 bytes)
[    0.000000] Memory: 997792K/1048120K available (8644K kernel code, 1332K rwdata, 4044K rodata, 1492K init, 1164K bss, 50328K reserved, 0K cma-reserved)
[    0.000000] SLUB: HWalign=64, Order=0-3, MinObjects=0, CPUs=2, Nodes=1
[    0.000000] Hierarchical RCU implementation.
[    0.000000] 	Build-time adjustment of leaf fanout to 64.
[    0.000000] 	RCU restricting CPUs from NR_CPUS=512 to nr_cpu_ids=2.
[    0.000000] RCU: Adjusting geometry for rcu_fanout_leaf=64, nr_cpu_ids=2
[    0.000000] NR_IRQS:33024 nr_irqs:440 16
[    0.000000] Console: colour VGA+ 80x25
[    0.000000] console [tty1] enabled
[    0.000000] console [ttyS0] enabled
[    0.000000] tsc: Detected 1996.193 MHz processor
[    0.592254] Calibrating delay loop (skipped) preset value.. 3992.38 BogoMIPS (lpj=7984772)
[    0.602121] pid_max: default: 32768 minimum: 301
[    0.607785] ACPI: Core revision 20150930
[    0.615013] ACPI: 2 ACPI AML tables successfully acquired and loaded
[    0.623933] Security Framework initialized
[    0.627686] Yama: becoming mindful.
[    0.633368] AppArmor: AppArmor initialized
[    0.638954] Dentry cache hash table entries: 131072 (order: 8, 1048576 bytes)
[    0.652082] Inode-cache hash table entries: 65536 (order: 7, 524288 bytes)
[    0.666490] Mount-cache hash table entries: 2048 (order: 2, 16384 bytes)
[    0.675679] Mountpoint-cache hash table entries: 2048 (order: 2, 16384 bytes)
[    0.687052] Initializing cgroup subsys io
[    0.691935] Initializing cgroup subsys memory
[    0.696586] Initializing cgroup subsys devices
[    0.702397] Initializing cgroup subsys freezer
[    0.707260] Initializing cgroup subsys net_cls
[    0.712166] Initializing cgroup subsys perf_event
[    0.717217] Initializing cgroup subsys net_prio
[    0.722926] Initializing cgroup subsys hugetlb
[    0.727541] Initializing cgroup subsys pids
[    0.740121] mce: CPU supports 0 MCE banks
[    0.744237] Last level iTLB entries: 4KB 1024, 2MB 1024, 4MB 512
[    0.750131] Last level dTLB entries: 4KB 2048, 2MB 2048, 4MB 1024, 1GB 0
[    0.758611] Spectre V1 : Mitigation: usercopy/swapgs barriers and __user pointer sanitization
[    0.771170] Spectre V2 : Spectre mitigation: LFENCE not serializing, switching to generic retpoline
[    0.783706] Spectre V2 : Mitigation: Full generic retpoline
[    0.791247] Spectre V2 : Spectre v2 / SpectreRSB mitigation: Filling RSB on context switch
[    0.839283] Freeing SMP alternatives memory: 36K
[    0.928835] ftrace: allocating 32380 entries in 127 pages
[    1.533602] smpboot: APIC(0) Converting physical 0 to logical package 0
[    1.541208] smpboot: Max logical packages: 1
[    1.561496] ..TIMER: vector=0x30 apic1=0 pin1=2 apic2=-1 pin2=-1
[    1.676489] smpboot: CPU0: AMD Ryzen 7 4700U with Radeon Graphics (family: 0x17, model: 0x60, stepping: 0x1)
[    1.688378] Performance Events: Broken PMU hardware detected, using software events only.
[    1.697241] Failed to access perfctr msr (MSR c0010007 is 0)
[    1.793590] KVM setup paravirtual spinlock
[    1.800547] x86: Booting SMP configuration:
[    1.804508] .... node  #0, CPUs:      #1
[    1.809612] kvm-clock: cpu 1, msr 0:3ffe3041, secondary cpu clock
[    1.822136] mce: CPU supports 0 MCE banks
[    1.826399] TSC synchronization [CPU#0 -> CPU#1]:
[    1.832112] Measured 86412 cycles TSC warp between CPUs, turning off TSC clock.
[    1.838715] tsc: Marking TSC unstable due to check_tsc_sync_source failed
[    0.562644] x86: Booted up 1 node, 2 CPUs
[    0.568013] smpboot: Total of 2 processors activated (7984.77 BogoMIPS)
[    0.576808] devtmpfs: initialized
[    0.584955] evm: security.selinux
[    0.588007] evm: security.SMACK64
[    0.591027] evm: security.SMACK64EXEC
[    0.592008] evm: security.SMACK64TRANSMUTE
[    0.596008] evm: security.SMACK64MMAP
[    0.600015] evm: security.ima
[    0.604009] evm: security.capability
[    0.608383] clocksource: jiffies: mask: 0xffffffff max_cycles: 0xffffffff, max_idle_ns: 7645041785100000 ns
[    0.612065] futex hash table entries: 512 (order: 3, 32768 bytes)
[    0.616355] pinctrl core: initialized pinctrl subsystem
[    0.620519] RTC time: 13:00:01, date: 03/13/23
[    0.625465] NET: Registered protocol family 16
[    0.640016] cpuidle: using governor ladder
[    0.656034] cpuidle: using governor menu
[    0.660132] PCCT header not found.
[    0.666868] ACPI: bus type PCI registered
[    0.668004] acpiphp: ACPI Hot Plug PCI Controller Driver version: 0.5
[    0.672538] PCI: Using configuration type 1 for base access
[    0.676003] PCI: Using configuration type 1 for extended access
[    0.700220] ACPI: Added _OSI(Module Device)
[    0.704010] ACPI: Added _OSI(Processor Device)
[    0.708009] ACPI: Added _OSI(3.0 _SCP Extensions)
[    0.712014] ACPI: Added _OSI(Processor Aggregator Device)
[    0.720810] ACPI: Executed 1 blocks of module-level executable AML code
[    0.730672] ACPI: Interpreter enabled
[    0.732011] ACPI: (supports S0 S5)
[    0.736004] ACPI: Using IOAPIC for interrupt routing
[    0.740351] PCI: Using host bridge windows from ACPI; if necessary, use "pci=nocrs" and report a bug
[    0.753494] ACPI: PCI Root Bridge [PCI0] (domain 0000 [bus 00-ff])
[    0.756013] acpi PNP0A03:00: _OSC: OS supports [ExtendedConfig ASPM ClockPM Segments MSI]
[    0.761197] acpi PNP0A03:00: _OSC: platform does not support [PCIeCapability]
[    0.764639] acpi PNP0A03:00: _OSC: not requesting control; platform does not support [PCIeCapability]
[    0.768008] acpi PNP0A03:00: _OSC: OS requested [PCIeHotplug PME AER PCIeCapability]
[    0.772006] acpi PNP0A03:00: _OSC: platform willing to grant [PCIeHotplug PME AER]
[    0.776006] acpi PNP0A03:00: _OSC failed (AE_SUPPORT); disabling ASPM
[    0.784397] PCI host bridge to bus 0000:00
[    0.788009] pci_bus 0000:00: root bus resource [io  0x0000-0x0cf7 window]
[    0.796014] pci_bus 0000:00: root bus resource [io  0x0d00-0xffff window]
[    0.800009] pci_bus 0000:00: root bus resource [mem 0x000a0000-0x000bffff window]
[    0.804009] pci_bus 0000:00: root bus resource [mem 0x40000000-0xfdffffff window]
[    0.808010] pci_bus 0000:00: root bus resource [bus 00-ff]
[    0.820880] pci 0000:00:01.1: legacy IDE quirk: reg 0x10: [io  0x01f0-0x01f7]
[    0.824018] pci 0000:00:01.1: legacy IDE quirk: reg 0x14: [io  0x03f6]
[    0.828009] pci 0000:00:01.1: legacy IDE quirk: reg 0x18: [io  0x0170-0x0177]
[    0.832010] pci 0000:00:01.1: legacy IDE quirk: reg 0x1c: [io  0x0376]
[    0.858698] pci 0000:00:07.0: quirk: [io  0x4000-0x403f] claimed by PIIX4 ACPI
[    0.860048] pci 0000:00:07.0: quirk: [io  0x4100-0x410f] claimed by PIIX4 SMB
[    0.871782] ACPI: PCI Interrupt Link [LNKA] (IRQs 5 9 10 *11)
[    0.880399] ACPI: PCI Interrupt Link [LNKB] (IRQs 5 9 *10 11)
[    0.888441] ACPI: PCI Interrupt Link [LNKC] (IRQs 5 *9 10 11)
[    0.896265] ACPI: PCI Interrupt Link [LNKD] (IRQs 5 9 10 *11)
[    0.904908] ACPI: Enabled 2 GPEs in block 00 to 07
[    0.908416] vgaarb: setting as boot device: PCI:0000:00:02.0
[    0.912000] vgaarb: device added: PCI:0000:00:02.0,decodes=io+mem,owns=io+mem,locks=none
[    0.912008] vgaarb: loaded
[    0.916003] vgaarb: bridge control possible 0000:00:02.0
[    0.920379] SCSI subsystem initialized
[    0.928519] ACPI: bus type USB registered
[    0.932103] usbcore: registered new interface driver usbfs
[    0.936061] usbcore: registered new interface driver hub
[    0.940014] usbcore: registered new device driver usb
[    0.948136] PCI: Using ACPI for IRQ routing
[    0.952847] NetLabel: Initializing
[    0.956004] NetLabel:  domain hash size = 128
[    0.960010] NetLabel:  protocols = UNLABELED CIPSOv4
[    0.964020] NetLabel:  unlabeled traffic allowed by default
[    0.968189] amd_nb: Cannot enumerate AMD northbridges
[    0.976085] clocksource: Switched to clocksource kvm-clock
[    0.988544] AppArmor: AppArmor Filesystem Enabled
[    0.988544] pnp: PnP ACPI init
[    0.988544] pnp: PnP ACPI: found 3 devices
[    1.071933] clocksource: acpi_pm: mask: 0xffffff max_cycles: 0xffffff, max_idle_ns: 2085701024 ns
[    1.072233] NET: Registered protocol family 2
[    1.085315] TCP established hash table entries: 8192 (order: 4, 65536 bytes)
[    1.092608] TCP bind hash table entries: 8192 (order: 5, 131072 bytes)
[    1.096153] TCP: Hash tables configured (established 8192 bind 8192)
[    1.096153] UDP hash table entries: 512 (order: 2, 16384 bytes)
[    1.096153] UDP-Lite hash table entries: 512 (order: 2, 16384 bytes)
[    1.096153] NET: Registered protocol family 1
[    1.096153] pci 0000:00:00.0: Limiting direct PCI/PCI transfers
[    1.096153] pci 0000:00:01.0: Activating ISA DMA hang workarounds
[    1.096153] Unpacking initramfs...
[    1.096153] Freeing initrd memory: 14888K
[    1.096153] clocksource: tsc: mask: 0xffffffffffffffff max_cycles: 0x398c43ee08e, max_idle_ns: 881590544408 ns
[    1.096153] platform rtc_cmos: registered platform RTC device (no PNP device found)
[    1.096153] Scanning for low memory corruption every 60 seconds
[    1.554613] audit: initializing netlink subsys (disabled)
[    1.562931] audit: type=2000 audit(1678712406.604:1): initialized
[    1.571920] Initialise system trusted keyring
[    1.581860] HugeTLB registered 2 MB page size, pre-allocated 0 pages
[    1.590930] zbud: loaded
[    1.595142] VFS: Disk quotas dquot_6.6.0
[    1.599168] VFS: Dquot-cache hash table entries: 512 (order 0, 4096 bytes)
[    1.606005] squashfs: version 4.0 (2009/01/31) Phillip Lougher
[    1.613911] fuse init (API version 7.23)
[    1.619847] Key type big_key registered
[    1.623898] Allocating IMA MOK and blacklist keyrings.
[    1.641779] Key type asymmetric registered
[    1.646015] Asymmetric key parser 'x509' registered
[    1.651126] Block layer SCSI generic (bsg) driver version 0.4 loaded (major 249)
[    1.659315] io scheduler noop registered
[    1.663129] io scheduler deadline registered (default)
[    1.667832] io scheduler cfq registered
[    1.672290] pci_hotplug: PCI Hot Plug PCI Core version: 0.5
[    1.677572] pciehp: PCI Express Hot Plug Controller Driver version: 0.4
[    1.683577] ACPI: AC Adapter [AC] (on-line)
[    1.689370] input: Power Button as /devices/LNXSYSTM:00/LNXPWRBN:00/input/input0
[    1.697167] ACPI: Power Button [PWRF]
[    1.701854] input: Sleep Button as /devices/LNXSYSTM:00/LNXSLPBN:00/input/input1
[    1.709329] ACPI: Sleep Button [SLPF]
[    1.714186] GHES: HEST is not enabled!
[    1.717770] ACPI: Battery Slot [BAT0] (battery present)
[    1.717804] Serial: 8250/16550 driver, 32 ports, IRQ sharing enabled
[    1.748920] 00:02: ttyS0 at I/O 0x3f8 (irq = 4, base_baud = 115200) is a 16550A
[    1.757272] Linux agpgart interface v0.103
[    1.774007] loop: module loaded
[    1.780809] scsi host0: ata_piix
[    1.786206] scsi host1: ata_piix
[    1.789915] ata1: PATA max UDMA/33 cmd 0x1f0 ctl 0x3f6 bmdma 0xd000 irq 14
[    1.796671] ata2: PATA max UDMA/33 cmd 0x170 ctl 0x376 bmdma 0xd008 irq 15
[    1.803218] libphy: Fixed MDIO Bus: probed
[    1.807084] tun: Universal TUN/TAP device driver, 1.6
[    1.811037] tun: (C) 1999-2004 Max Krasnyansky <maxk@qualcomm.com>
[    1.818732] PPP generic driver version 2.4.2
[    1.824554] ehci_hcd: USB 2.0 'Enhanced' Host Controller (EHCI) Driver
[    1.830456] ehci-pci: EHCI PCI platform driver
[    1.837097] ehci-platform: EHCI generic platform driver
[    1.842331] ohci_hcd: USB 1.1 'Open' Host Controller (OHCI) Driver
[    1.848532] ohci-pci: OHCI PCI platform driver
[    1.853304] ohci-platform: OHCI generic platform driver
[    1.859800] uhci_hcd: USB Universal Host Controller Interface driver
[    1.867210] i8042: PNP: PS/2 Controller [PNP0303:PS2K,PNP0f03:PS2M] at 0x60,0x64 irq 1,12
[    1.878446] serio: i8042 KBD port at 0x60,0x64 irq 1
[    1.883934] serio: i8042 AUX port at 0x60,0x64 irq 12
[    1.891819] mousedev: PS/2 mouse device common for all mice
[    1.901967] rtc_cmos rtc_cmos: rtc core: registered rtc_cmos as rtc0
[    1.909232] input: AT Translated Set 2 keyboard as /devices/platform/i8042/serio0/input/input2
[    1.909901] rtc_cmos rtc_cmos: alarms up to one day, 114 bytes nvram
[    1.909915] i2c /dev entries driver
[    1.909958] device-mapper: uevent: version 1.0.3
[    1.910010] device-mapper: ioctl: 4.34.0-ioctl (2015-10-28) initialised: dm-devel@redhat.com
[    1.910025] ledtrig-cpu: registered to indicate activity on CPUs
[    1.910305] NET: Registered protocol family 10
[    1.910466] NET: Registered protocol family 17
[    1.910477] Key type dns_resolver registered
[    1.910687] registered taskstats version 1
[    1.910695] Loading compiled-in X.509 certificates
[    1.911060] Loaded X.509 cert 'Build time autogenerated kernel key: cf00e047681d67edb2720680708b7d9498083038'
[    1.911071] zswap: loaded using pool lzo/zbud
[    1.912761] Key type trusted registered
[    1.915088] Key type encrypted registered
[    1.915094] AppArmor: AppArmor sha1 policy hashing enabled
[    1.915096] ima: No TPM chip found, activating TPM-bypass!
[    1.915106] ima: Allocated hash algorithm: sha1
[    1.915173] evm: HMAC attrs: 0x1
[    1.915748]   Magic number: 15:297:28
[    1.917480] rtc_cmos rtc_cmos: setting system clock to 2023-03-13 13:00:03 UTC (1678712403)
[    1.917545] BIOS EDD facility v0.16 2004-Jun-25, 0 devices found
[    1.917546] EDD information not available.
[    2.040054] Freeing unused kernel memory: 1492K
[    2.053687] Write protecting the kernel read-only data: 14336k
[    2.061304] Freeing unused kernel memory: 1584K
[    2.066304] Freeing unused kernel memory: 52K
Loading, please wait...
starting version 229
[    2.098552] random: systemd-udevd: uninitialized urandom read (16 bytes read, 9 bits of entropy available)
[    2.099209] random: udevadm: uninitialized urandom read (16 bytes read, 9 bits of entropy available)
[    2.099299] random: udevadm: uninitialized urandom read (16 bytes read, 9 bits of entropy available)
[    2.108418] random: udevadm: uninitialized urandom read (16 bytes read, 9 bits of entropy available)
[    2.108457] random: udevadm: uninitialized urandom read (16 bytes read, 9 bits of entropy available)
[    2.108608] random: udevadm: uninitialized urandom read (16 bytes read, 9 bits of entropy available)
[    2.108645] random: udevadm: uninitialized urandom read (16 bytes read, 9 bits of entropy available)
[    2.108677] random: udevadm: uninitialized urandom read (16 bytes read, 9 bits of entropy available)
[    2.108788] random: udevadm: uninitialized urandom read (16 bytes read, 9 bits of entropy available)
[    2.108826] random: udevadm: uninitialized urandom read (16 bytes read, 9 bits of entropy available)
[    2.232670] e1000: Intel(R) PRO/1000 Network Driver - version 7.3.21-k8-NAPI
[    2.236076] e1000: Copyright (c) 1999-2006 Intel Corporation.
[    2.252716] Fusion MPT base driver 3.04.20
[    2.256062] Copyright (c) 1999-2008 LSI Corporation
[    2.307370] Fusion MPT SPI Host driver 3.04.20
[    2.327435] SSE version of gcm_enc/dec engaged.
[    2.555062] input: ImExPS/2 Generic Explorer Mouse as /devices/platform/i8042/serio1/input/input4
[    2.941472] e1000 0000:00:03.0 eth0: (PCI:33MHz:32-bit) 02:be:82:6b:cc:1d
[    2.949857] e1000 0000:00:03.0 eth0: Intel(R) PRO/1000 Network Connection
[    2.960261] e1000 0000:00:03.0 enp0s3: renamed from eth0
[    2.965998] mptbase: ioc0: Initiating bringup
[    3.043790] ioc0: LSI53C1030 A0: Capabilities={Initiator}
[    3.227265] scsi host2: ioc0: LSI53C1030 A0, FwRev=00000000h, Ports=1, MaxQ=256, IRQ=20
[    3.377784] scsi 2:0:0:0: Direct-Access     VBOX     HARDDISK         1.0  PQ: 0 ANSI: 5
[    3.386393] scsi target2:0:0: Beginning Domain Validation
[    3.399376] scsi target2:0:0: Domain Validation skipping write tests
[    3.406470] scsi target2:0:0: Ending Domain Validation
[    3.413324] scsi target2:0:0: asynchronous
[    3.421368] scsi 2:0:1:0: Direct-Access     VBOX     HARDDISK         1.0  PQ: 0 ANSI: 5
[    3.425281] scsi target2:0:1: Beginning Domain Validation
[    3.447454] scsi target2:0:1: Domain Validation skipping write tests
[    3.453633] scsi target2:0:1: Ending Domain Validation
[    3.460369] scsi target2:0:1: asynchronous
[    3.495892] sd 2:0:0:0: Attached scsi generic sg0 type 0
[    3.502067] sd 2:0:0:0: [sda] 83886080 512-byte logical blocks: (42.9 GB/40.0 GiB)
[    3.511791] sd 2:0:1:0: [sdb] 20480 512-byte logical blocks: (10.5 MB/10.0 MiB)
[    3.512122] sd 2:0:1:0: Attached scsi generic sg1 type 0
[    3.512249] sd 2:0:0:0: [sda] Write Protect is off
[    3.513204] sd 2:0:0:0: [sda] Incomplete mode parameter data
[    3.513205] sd 2:0:0:0: [sda] Assuming drive cache: write through
[    3.521748]  sda: sda1
[    3.524513] sd 2:0:0:0: [sda] Attached SCSI disk
[    3.548821] sd 2:0:1:0: [sdb] Write Protect is off
[    3.555078] sd 2:0:1:0: [sdb] Incomplete mode parameter data
[    3.560625] sd 2:0:1:0: [sdb] Assuming drive cache: write through
[    3.576402] sd 2:0:1:0: [sdb] Attached SCSI disk
Begin: Loading essential drivers ... [    5.095312] md: linear personality registered for level -1
[    5.105245] md: multipath personality registered for level -4
[    5.116783] md: raid0 personality registered for level 0
[    5.138373] md: raid1 personality registered for level 1
[    5.776622] raid6: sse2x1   gen() 82426 MB/s
[    7.773865] raid6: sse2x1   xor() 137579 MB/s
[    8.775533] raid6: sse2x2   gen() 272333 MB/s
[   10.781221] raid6: sse2x2   xor() 188473 MB/s
[   10.856462] raid6: sse2x4   gen() 17702 MB/s
[   10.929904] raid6: sse2x4   xor()  9575 MB/s
[   10.934776] raid6: using algorithm sse2x2 gen() 272333 MB/s
[   10.940554] raid6: .... xor() 188473 MB/s, rmw enabled
[   10.945751] raid6: using ssse3x2 recovery algorithm
[   10.953625] xor: measuring software checksum speed
[   10.996596]    prefetch64-sse: 18266.000 MB/sec
[   11.040368]    generic_sse: 15879.000 MB/sec
[   11.045291] xor: using function: prefetch64-sse (18266.000 MB/sec)
[   11.053916] async_tx: api initialized (async)
[   11.099527] md: raid6 personality registered for level 6
[   11.105978] md: raid5 personality registered for level 5
[   11.111758] md: raid4 personality registered for level 4
[   11.136507] md: raid10 personality registered for level 10
done.
Begin: Running /scripts/init-premount ... done.
Begin: Mounting root file system ... Begin: Running /scripts/local-top ... done.
Begin: Running /scripts/local-premount ... [   11.230636] Btrfs loaded
Scanning for Btrfs filesystems
done.
Warning: fsck not present, so skipping root file system
[   11.310244] EXT4-fs (sda1): mounted filesystem with ordered data mode. Opts: (null)
done.
Begin: Running /scripts/local-bottom ... done.
Begin: Running /scripts/init-bottom ... done.
[   11.515056] systemd[1]: systemd 229 running in system mode. (+PAM +AUDIT +SELINUX +IMA +APPARMOR +SMACK +SYSVINIT +UTMP +LIBCRYPTSETUP +GCRYPT +GNUTLS +ACL +XZ -LZ4 +SECCOMP +BLKID +ELFUTILS +KMOD -IDN)
[   11.532458] systemd[1]: Detected virtualization oracle.
[   11.538032] systemd[1]: Detected architecture x86-64.

Welcome to [1mUbuntu 16.04.7 LTS[0m!

[   11.555079] systemd[1]: Set hostname to <ubuntu-xenial>.
[   11.803282] systemd[1]: Listening on LVM2 poll daemon socket.
[[0;32m  OK  [0m] Listening on LVM2 poll daemon socket.
[   11.814891] systemd[1]: Reached target User and Group Name Lookups.
[[0;32m  OK  [0m] Reached target User and Group Name Lookups.
[   11.828988] systemd[1]: Reached target Encrypted Volumes.
[[0;32m  OK  [0m] Reached target Encrypted Volumes.
[   11.839757] systemd[1]: Reached target System Time Synchronized.
[[0;32m  OK  [0m] Reached target System Time Synchronized.
[   11.853069] systemd[1]: Listening on fsck to fsckd communication Socket.
[[0;32m  OK  [0m] Listening on fsck to fsckd communication Socket.
[   11.865431] systemd[1]: Reached target Swap.
[[0;32m  OK  [0m] Reached target Swap.
[   11.875755] systemd[1]: Created slice System Slice.
[[0;32m  OK  [0m] Created slice System Slice.
[   11.886306] systemd[1]: Created slice system-serial\x2dgetty.slice.
[[0;32m  OK  [0m] Created slice system-serial\x2dgetty.slice.
[   11.900942] systemd[1]: Set up automount Arbitrary Executable File Formats File System Automount Point.
[[0;32m  OK  [0m] Set up automount Arbitrary Executab...ats File System Automount Point.
[   11.917730] systemd[1]: Listening on Journal Audit Socket.
[[0;32m  OK  [0m] Listening on Journal Audit Socket.
[   11.929813] systemd[1]: Listening on /dev/initctl Compatibility Named Pipe.
[[0;32m  OK  [0m] Listening on /dev/initctl Compatibility Named Pipe.
[   11.944253] systemd[1]: Started Trigger resolvconf update for networkd DNS.
[[0;32m  OK  [0m] Started Trigger resolvconf update for networkd DNS.
[   11.958412] systemd[1]: Started Forward Password Requests to Wall Directory Watch.
[[0;32m  OK  [0m] Started Forward Password Requests to Wall Directory Watch.
[   11.971972] systemd[1]: Listening on LVM2 metadata daemon socket.
[[0;32m  OK  [0m] Listening on LVM2 metadata daemon socket.
[   11.985716] systemd[1]: Listening on Journal Socket.
[[0;32m  OK  [0m] Listening on Journal Socket.
[   12.009160] systemd[1]: Starting Load Kernel Modules...
         Starting Load Kernel Modules...
[   12.018947] systemd[1]: Mounting Debug File System...
         Mounting Debug File System...
[   12.029916] systemd[1]: Starting File System Check on Root Device...
         Starting File System Check on Root Device...
[   12.041645] systemd[1]: Mounting POSIX Message Queue File System...
         Mounting POSIX Message Queue File System...
[   12.053564] Loading iSCSI transport class v2.0-870.
[   12.057777] systemd[1]: Mounting Huge Pages File System...
         Mounting Huge Pages File System...
[   12.067884] systemd[1]: Listening on Device-mapper event daemon FIFOs.
[[0;32m  OK  [0m] Listening on Device-mapper event daemon FIFOs.
[   12.079143] systemd[1]: Starting Nameserver information manager...
         Starting Nameserver information manager...
[   12.090848] systemd[1]: Starting Monitoring of LVM2 mirrors, snapshots etc. using dmeventd or progress polling...
         Starting Monitoring of LVM2 mirrors... dmeventd or progress polling...
[   12.105144] random: nonblocking pool is initialized
[   12.110026] systemd[1]: Listening on Syslog Socket.
[[0;32m  OK  [0m] Listening on Syslog Socket.
[   12.120435] systemd[1]: Listening on udev Control Socket.
[[0;32m  OK  [0m] Listening on udev Control Socket.
[   12.133777] iscsi: registered transport (tcp)
[   12.148239] systemd[1]: Starting Set console keymap...
         Starting Set console keymap...
[   12.157818] systemd[1]: Created slice User and Session Slice.
[[0;32m  OK  [0m] Created slice User and Session Slice.
[   12.170535] systemd[1]: Reached target Slices.
[[0;32m  OK  [0m] Reached target Slices.
[   12.179011] systemd[1]: Listening on Journal Socket (/dev/log).
[[0;32m  OK  [0m] Listening on Journal Socket (/dev/log).
[   12.189497] systemd[1]: Starting Journal Service...
         Starting Journal Service...
[   12.197881] systemd[1]: Starting Create list of required static device nodes for the current kernel...
         Starting Create list of required st... nodes for the current kernel...
[   12.212871] systemd[1]: Listening on udev Kernel Socket.
[[0;32m  OK  [0m] Listening on udev Kernel Socket.
[   12.222269] systemd[1]: Starting Uncomplicated firewall...
         Starting Uncomplicated firewall...
[   12.237431] systemd[1]: Mounted Huge Pages File System.
[[0;32m  OK  [0m] Mounted Huge Pages File System.
[   12.251093] systemd[1]: Mounted POSIX Message Queue File System.
[[0;32m  OK  [0m] Mounted POSIX Message Queue File System.
[   12.263970] systemd[1]: Mounted Debug File System.
[[0;32m  OK  [0m] Mounted Debug File System.
[   12.280726] systemd[1]: Started Journal Service.
[[0;32m  OK  [0m] Started Journal Service.
[[0;32m  OK  [0m] Started File System Check on Root Device.
[   12.302264] ip_tables: (C) 2000-2006 Netfilter Core Team
[[0;32m  OK  [0m] Started Set console keymap.
[[0;32m  OK  [0m] Started Create list of required sta...ce nodes for the current kernel.
[   12.335553] nf_conntrack version 0.5.0 (7936 buckets, 31744 max)
[[0;32m  OK  [0m] Started Nameserver information manager.
[[0;32m  OK  [0m] Started LVM2 metadata daemon.
[[0;32m  OK  [0m] Started File System Check Daemon to report status.
[   12.364372] iscsi: registered transport (iser)
         Starting Create Static Device Nodes in /dev...
         Starting Remount Root and Kernel File Systems...
[[0;32m  OK  [0m] Started Load Kernel Modules.
[   12.395781] EXT4-fs (sda1): re-mounted. Opts: (null)
         Mounting FUSE Control File System...
         Starting Apply Kernel Variables...
[[0;32m  OK  [0m] Mounted FUSE Control File System.
[   12.421000] ip6_tables: (C) 2000-2006 Netfilter Core Team
[[0;32m  OK  [0m] Started Remount Root and Kernel File Systems.
         Starting Load/Save Random Seed...
         Starting Flush Journal to Persistent Storage...
         Starting udev Coldplug all Devices...
[[0;32m  OK  [0m] Started Create Static Device Nodes in /dev.
[[0;32m  OK  [0m] Started Apply Kernel Variables.
[[0;32m  OK  [0m] Started Load/Save Random Seed.
         Starting udev Kernel Device Manager...
[[0;32m  OK  [0m] Started Flush Journal to Persistent Storage.
[[0;32m  OK  [0m] Started udev Kernel Device Manager.
[[0;32m  OK  [0m] Started udev Coldplug all Devices.
[[0;32m  OK  [0m] Started Dispatch Password Requests to Console Directory Watch.
[[0;32m  OK  [0m] Started Uncomplicated firewall.
[[0;32m  OK  [0m] Found device /dev/ttyS0.
[[0;32m  OK  [0m] Listening on Load/Save RF Kill Switch Status /dev/rfkill Watch.
[[0;32m  OK  [0m] Started Monitoring of LVM2 mirrors,...ng dmeventd or progress polling.
[[0;32m  OK  [0m] Reached target Local File Systems (Pre).
[[0;32m  OK  [0m] Reached target Local File Systems.
         Starting LSB: AppArmor initialization...
         Starting Set console font and keymap...
         Starting Create Volatile Files and Directories...
         Starting Tell Plymouth To Write Out Runtime Data...
         Starting Initial cloud-init job (pre-networking)...
[[0;32m  OK  [0m] Started Create Volatile Files and Directories.
[[0;32m  OK  [0m] Started Tell Plymouth To Write Out Runtime Data.
         Starting Update UTMP about System Boot/Shutdown...
[[0;32m  OK  [0m] Found device 82540EM Gigabit Ethern...r (PRO/1000 MT Desktop Adapter).
[[0;32m  OK  [0m] Started Update UTMP about System Boot/Shutdown.
[[0;32m  OK  [0m] Started Set console font and keymap.
[[0;32m  OK  [0m] Created slice system-getty.slice.
[[0;32m  OK  [0m] Started LSB: AppArmor initialization.
         Starting Load AppArmor profiles managed internally by snapd...
[[0;32m  OK  [0m] Started Load AppArmor profiles managed internally by snapd.
[   15.203235] cloud-init[717]: Cloud-init v. 21.1-19-gbad84ad4-0ubuntu1~16.04.2 running 'init-local' at Mon, 13 Mar 2023 13:00:16 +0000. Up 14.89 seconds.
[[0;32m  OK  [0m] Started Initial cloud-init job (pre-networking).
[[0;32m  OK  [0m] Reached target Network (Pre).
[[0;32m  OK  [0m] Started ifup for enp0s3.
         Starting Raise network interfaces...
[[0;32m  OK  [0m] Started Raise network interfaces.
[[0;32m  OK  [0m] Reached target Network.
         Starting Initial cloud-init job (metadata service crawler)...
[   15.956530] cloud-init[1050]: Cloud-init v. 21.1-19-gbad84ad4-0ubuntu1~16.04.2 running 'init' at Mon, 13 Mar 2023 13:00:17 +0000. Up 15.71 seconds.
[   15.967491] cloud-init[1050]: ci-info: ++++++++++++++++++++++++++++++++++++++Net device info++++++++++++++++++++++++++++++++++++++
[   15.975681] cloud-init[1050]: ci-info: +--------+------+----------------------------+---------------+--------+-------------------+
[   15.984134] cloud-init[1050]: ci-info: | Device |  Up  |          Address           |      Mask     | Scope  |     Hw-Address    |
[   15.993620] cloud-init[1050]: ci-info: +--------+------+----------------------------+---------------+--------+-------------------+
[[0;32m  OK  [0m] Started Initial cloud-init job (metadata service crawler).
[[0;32m  OK  [0m] Reached target Cloud-config availability.
[[0;32m  OK  [0m] Reached target System Initialization.
[[0;32m  OK  [0m] Listening on ACPID Listen Socket.
[   16.005596] [[0;32m  OK  [0m] Started ACPI Events Check.
[[0;32m  OK  [0m] Reached target Paths.
cloud-init[1050]: ci-info: | enp0s3 | True |         10.0.2.15          | 255.255.255.0 | global | 02:be:82:6b:cc:1d |
[[0;32m  OK  [0m] Started Ubuntu Advantage update messaging.
[[0;32m  OK  [0m] Started Daily apt download activities.
[[0;32m  OK  [0m] Started Daily Cleanup of Temporary Directories.
[[0;32m  OK  [0m] Started Message of the Day.
[[0;32m  OK  [0m] Listening on D-Bus System Message Bus Socket.
[   16.029959] cloud-init[1050]: ci-info: | enp0s3 | True | fe80::be:82ff:fe6b:cc1d/64 |       .       |  link  | 02:be:82:6b:cc:1d |
[   16.045723]          Starting LXD - unix socket.
[[0;32m  OK  [0m] Started Daily apt upgrade and clean activities.
[[0;32m  OK  [0m] Reached target Timers.
[[0;32m  OK  [0m] Listening on UUID daemon activation socket.
         Starting Socket activation for snappy daemon.
[[0;32m  OK  [0m] Reached target Network is Online.
cloud-init[1050]: ci-info: |   lo   | True |         127.0.0.1          |   255.0.0.0   |  host  |         .         |
[   16.064671] cloud-init[1050]: ci-info: |   lo   | True |          ::1/128           |       .       |  host  |         .         |
[   16.072650]          Starting iSCSI initiator daemon (iscsid)...
[[0;32m  OK  [0m] Listening on LXD - unix socket.
[[0;32m  OK  [0m] Listening on Socket activation for snappy daemon.
[[0;32m  OK  [0m] Reached target Sockets.
[[0;32m  OK  [0m] Reached target Basic System.
[[0;32m  OK  [0m] Started FUSE filesystem for LXC.
cloud-init[1050]: ci-info: +--------+------+----------------------------+---------------+--------+-------------------+
         Starting OpenBSD Secure Shell server...
         [   16.097602] cloud-initStarting /etc/rc.local Compatibility...
[1050]: ci-info: +++++++++++++++++++++++++++Route IPv4 info++++++++++++++++++++++++++++
[   16.106510] cloud-init[1050]: ci-info: +-------+-------------+----------+---------------+-----------+-------+
         Starting Accounts Service...
         Starting Login Service...
[   16.116677] cloud-init[1050]: ci-info: | Route | Destination | Gateway  |    Genmask    | Interface | Flags |
[   16.132844] cloud-init[1050]: ci-info: +-------+-------------+----------+---------------+-----------+-------+
         Starting Snap Daemon...
         Starting System Logging Service...
[[0;32m  OK  [0m] Started Deferred execution scheduler.
         Starting LSB: MD monitoring daemon...
[   16.147753] cloud-init[1050]: ci-info: |   0   |   0.0.0.0   | 10.0.2.2 |    0.0.0.0    |   enp0s3  |   UG  |
[[0;32m  OK  [0m] Started ACPI event daemon.
[   16.178277] cloud-init[1050]: ci-info: |   1   |   10.0.2.0  | 0.0.0.0  | 255.255.255.0 |   enp0s3  |   U   |
[   16.200156] cloud-init[1050]: ci-info: +-------+-------------+----------+---------------+-----------+-------+
[[0;32m  OK  [0m] Started D-Bus System Message Bus.
[   16.208778] cloud-init[1050]: ci-info: +++++++++++++++++++Route IPv6 info+++++++++++++++++++
[   16.229147] cloud-init[1050]: ci-info: +-------+-------------+---------+-----------+-------+
[   16.236201] cloud-init[1050]: ci-info: | Route | Destination | Gateway | Interface | Flags |
[   16.247923] cloud-init[1050]: ci-info: +-------+-------------+---------+-----------+-------+
[   16.256176] cloud-init[1050]: ci-info: |   0   |  fe80::/64  |    ::   |   enp0s3  |   U   |
[   16.266266] cloud-init[1050]: ci-info: |   3   |   ff00::/8  |    ::   |   enp0s3  |   U   |
[   16.275485] cloud-init[1050]: ci-info: +-------+-------------+---------+-----------+-------+
         Starting LSB: Record successful boot for GRUB...
         Starting Virtualbox guest utils...
[[0;32m  OK  [0m] Started Regular background program processing daemon.
         Starting LXD - container startup/shutdown...
[[0;32m  OK  [0m] Started System Logging Service.
[[0;32m  OK  [0m] Started /etc/rc.local Compatibility.
[[0;32m  OK  [0m] Started OpenBSD Secure Shell server.
[[0;32m  OK  [0m] Started iSCSI initiator daemon (iscsid).
         Starting Authenticate and Authorize Users to Run Privileged Tasks...
         Starting Login to default iSCSI targets...
[[0;32m  OK  [0m] Started LSB: MD monitoring daemon.
[[0;32m  OK  [0m] Started LSB: Record successful boot for GRUB.
[[0;32m  OK  [0m] Started Login Service.
[[0;32m  OK  [0m] Started Unattended Upgrades Shutdown.
[[0;32m  OK  [0m] Started Authenticate and Authorize Users to Run Privileged Tasks.
[[0;32m  OK  [0m] Started Accounts Service.
[[0;32m  OK  [0m] Started Login to default iSCSI targets.
[[0;32m  OK  [0m] Reached target Remote File Systems (Pre).
         Mounting /vagrant...
[[0;32m  OK  [0m] Mounted /vagrant.
[[0;32m  OK  [0m] Reached target Remote File Systems.
         Starting Permit User Sessions...
         Starting LSB: Set the CPU Frequency Scaling governor to "ondemand"...
         Starting LSB: automatic crash report generation...
         Starting LSB: Apache2 web server...
         Starting LSB: daemon to balance interrupts for SMP systems...
[[0;32m  OK  [0m] Started Virtualbox guest utils.
[[0;32m  OK  [0m] Started Permit User Sessions.
         Starting Hold until boot process finishes up...
         Starting Terminate Plymouth Boot Screen...
[[0;32m  OK  [0m] Started Hold until boot process finishes up.
[[0;32m  OK  [0m] Started Serial Getty on ttyS0.
[[0;32m  OK  [0m] Started Getty on tty1.
[[0;32m  OK  [0m] Reached target Login Prompts.
         Starting Set console scheme...
[[0;32m  OK  [0m] Started Terminate Plymouth Boot Screen.
[[0;32m  OK  [0m] Started LXD - container startup/shutdown.
[[0;32m  OK  [0m] Started Set console scheme.
[[0;32m  OK  [0m] Started LSB: automatic crash report generation.
[[0;32m  OK  [0m] Started LSB: Set the CPU Frequency Scaling governor to "ondemand".
[[0;32m  OK  [0m] Started LSB: daemon to balance interrupts for SMP systems.
[[0;32m  OK  [0m] Started Snap Daemon.
         Starting Wait until snapd is fully seeded...
[[0;32m  OK  [0m] Started LSB: Apache2 web server.
[[0;32m  OK  [0m] Started Wait until snapd is fully seeded.
         Starting Apply the settings specified in cloud-config...
[[0;32m  OK  [0m] Reached target Multi-User System.
[[0;32m  OK  [0m] Reached target Graphical Interface.
         Starting Update UTMP about System Runlevel Changes...
[[0;32m  OK  [0m] Started Update UTMP about System Runlevel Changes.
[   17.744238] cloud-init[1395]: Cloud-init v. 21.1-19-gbad84ad4-0ubuntu1~16.04.2 running 'modules:config' at Mon, 13 Mar 2023 13:00:19 +0000. Up 17.64 seconds.
[[0;32m  OK  [0m] Started Apply the settings specified in cloud-config.
         Starting Execute cloud user/final scripts...
[   18.131571] cloud-init[1407]: Cloud-init v. 21.1-19-gbad84ad4-0ubuntu1~16.04.2 running 'modules:final' at Mon, 13 Mar 2023 13:00:19 +0000. Up 18.03 seconds.
[   18.140541] cloud-init[1407]: Cloud-init v. 21.1-19-gbad84ad4-0ubuntu1~16.04.2 finished at Mon, 13 Mar 2023 13:00:19 +0000. Datasource DataSourceNoCloud [seed=/dev/sdb][dsmode=net].  Up 18.12 seconds
[[0;32m  OK  [0m] Started Execute cloud user/final scripts.
[[0;32m  OK  [0m] Reached target Cloud-init target.

Ubuntu 16.04.7 LTS ubuntu-xenial ttyS0

ubuntu-xenial login: 