[    0.000000] Initializing cgroup subsys cpuset
[    0.000000] Initializing cgroup subsys cpu
[    0.000000] Initializing cgroup subsys cpuacct
[    0.000000] Linux version 4.4.0-210-generic (buildd@lgw01-amd64-009) (gcc version 5.4.0 20160609 (Ubuntu 5.4.0-6ubuntu1~16.04.12) ) #242-Ubuntu SMP Fri Apr 16 09:57:56 UTC 2021 (Ubuntu 4.4.0-210.242-generic 4.4.262)
[    0.000000] Command line: BOOT_IMAGE=/boot/vmlinuz-4.4.0-210-generic root=LABEL=cloudimg-rootfs ro console=tty1 console=ttyS0
[    0.000000] KERNEL supported cpus:
[    0.000000]   Intel GenuineIntel
[    0.000000]   AMD AuthenticAMD
[    0.000000]   Centaur CentaurHauls
[    0.000000] [Firmware Bug]: TSC doesn't count with P0 frequency!
[    0.000000] x86/fpu: Legacy x87 FPU detected.
[    0.000000] e820: BIOS-provided physical RAM map:
[    0.000000] BIOS-e820: [mem 0x0000000000000000-0x000000000009fbff] usable
[    0.000000] BIOS-e820: [mem 0x000000000009fc00-0x000000000009ffff] reserved
[    0.000000] BIOS-e820: [mem 0x00000000000f0000-0x00000000000fffff] reserved
[    0.000000] BIOS-e820: [mem 0x0000000000100000-0x000000003ffeffff] usable
[    0.000000] BIOS-e820: [mem 0x000000003fff0000-0x000000003fffffff] ACPI data
[    0.000000] BIOS-e820: [mem 0x00000000fec00000-0x00000000fec00fff] reserved
[    0.000000] BIOS-e820: [mem 0x00000000fee00000-0x00000000fee00fff] reserved
[    0.000000] BIOS-e820: [mem 0x00000000fffc0000-0x00000000ffffffff] reserved
[    0.000000] NX (Execute Disable) protection: active
[    0.000000] SMBIOS 2.5 present.
[    0.000000] Hypervisor detected: KVM
[    0.000000] Kernel/User page tables isolation: disabled
[    0.000000] e820: last_pfn = 0x3fff0 max_arch_pfn = 0x400000000
[    0.000000] MTRR: Disabled
[    0.000000] x86/PAT: MTRRs disabled, skipping PAT initialization too.
[    0.000000] CPU MTRRs all blank - virtualized system.
[    0.000000] x86/PAT: Configuration [0-7]: WB  WT  UC- UC  WB  WT  UC- UC  
[    0.000000] found SMP MP-table at [mem 0x0009fff0-0x0009ffff] mapped at [ffff88000009fff0]
[    0.000000] Scanning 1 areas for low memory corruption
[    0.000000] RAMDISK: [mem 0x362dc000-0x37165fff]
[    0.000000] ACPI: Early table checksum verification disabled
[    0.000000] ACPI: RSDP 0x00000000000E0000 000024 (v02 VBOX  )
[    0.000000] ACPI: XSDT 0x000000003FFF0030 00003C (v01 VBOX   VBOXXSDT 00000001 ASL  00000061)
[    0.000000] ACPI: FACP 0x000000003FFF00F0 0000F4 (v04 VBOX   VBOXFACP 00000001 ASL  00000061)
[    0.000000] ACPI: DSDT 0x000000003FFF0610 002353 (v02 VBOX   VBOXBIOS 00000002 INTL 20100528)
[    0.000000] ACPI: FACS 0x000000003FFF0200 000040
[    0.000000] ACPI: FACS 0x000000003FFF0200 000040
[    0.000000] ACPI: APIC 0x000000003FFF0240 00005C (v02 VBOX   VBOXAPIC 00000001 ASL  00000061)
[    0.000000] ACPI: SSDT 0x000000003FFF02A0 00036C (v01 VBOX   VBOXCPUT 00000002 INTL 20100528)
[    0.000000] No NUMA configuration found
[    0.000000] Faking a node at [mem 0x0000000000000000-0x000000003ffeffff]
[    0.000000] NODE_DATA(0) allocated [mem 0x3ffeb000-0x3ffeffff]
[    0.000000] kvm-clock: Using msrs 4b564d01 and 4b564d00
[    0.000000] kvm-clock: cpu 0, msr 0:3ffe3001, primary cpu clock
[    0.000000] kvm-clock: using sched offset of 3628630678 cycles
[    0.000000] clocksource: kvm-clock: mask: 0xffffffffffffffff max_cycles: 0x1cd42e4dffb, max_idle_ns: 881590591483 ns
[    0.000000] Zone ranges:
[    0.000000]   DMA      [mem 0x0000000000001000-0x0000000000ffffff]
[    0.000000]   DMA32    [mem 0x0000000001000000-0x000000003ffeffff]
[    0.000000]   Normal   empty
[    0.000000]   Device   empty
[    0.000000] Movable zone start for each node
[    0.000000] Early memory node ranges
[    0.000000]   node   0: [mem 0x0000000000001000-0x000000000009efff]
[    0.000000]   node   0: [mem 0x0000000000100000-0x000000003ffeffff]
[    0.000000] Initmem setup node 0 [mem 0x0000000000001000-0x000000003ffeffff]
[    0.000000] ACPI: PM-Timer IO Port: 0x4008
[    0.000000] IOAPIC[0]: apic_id 2, version 32, address 0xfec00000, GSI 0-23
[    0.000000] ACPI: INT_SRC_OVR (bus 0 bus_irq 0 global_irq 2 dfl dfl)
[    0.000000] ACPI: INT_SRC_OVR (bus 0 bus_irq 9 global_irq 9 low level)
[    0.000000] Using ACPI (MADT) for SMP configuration information
[    0.000000] smpboot: Allowing 2 CPUs, 0 hotplug CPUs
[    0.000000] PM: Registered nosave memory: [mem 0x00000000-0x00000fff]
[    0.000000] PM: Registered nosave memory: [mem 0x0009f000-0x0009ffff]
[    0.000000] PM: Registered nosave memory: [mem 0x000a0000-0x000effff]
[    0.000000] PM: Registered nosave memory: [mem 0x000f0000-0x000fffff]
[    0.000000] e820: [mem 0x40000000-0xfebfffff] available for PCI devices
[    0.000000] Booting paravirtualized kernel on KVM
[    0.000000] clocksource: refined-jiffies: mask: 0xffffffff max_cycles: 0xffffffff, max_idle_ns: 7645519600211568 ns
[    0.000000] setup_percpu: NR_CPUS:512 nr_cpumask_bits:512 nr_cpu_ids:2 nr_node_ids:1
[    0.000000] PERCPU: Embedded 33 pages/cpu @ffff88003fc00000 s95192 r8192 d31784 u1048576
[    0.000000] Built 1 zonelists in Node order, mobility grouping on.  Total pages: 257912
[    0.000000] Policy zone: DMA32
[    0.000000] Kernel command line: BOOT_IMAGE=/boot/vmlinuz-4.4.0-210-generic root=LABEL=cloudimg-rootfs ro console=tty1 console=ttyS0
[    0.000000] PID hash table entries: 4096 (order: 3, 32768 bytes)
[    0.000000] Memory: 997792K/1048120K available (8644K kernel code, 1332K rwdata, 4044K rodata, 1492K init, 1164K bss, 50328K reserved, 0K cma-reserved)
[    0.000000] SLUB: HWalign=64, Order=0-3, MinObjects=0, CPUs=2, Nodes=1
[    0.000000] Hierarchical RCU implementation.
[    0.000000] 	Build-time adjustment of leaf fanout to 64.
[    0.000000] 	RCU restricting CPUs from NR_CPUS=512 to nr_cpu_ids=2.
[    0.000000] RCU: Adjusting geometry for rcu_fanout_leaf=64, nr_cpu_ids=2
[    0.000000] NR_IRQS:33024 nr_irqs:440 16
[    0.000000] Console: colour VGA+ 80x25
[    0.000000] console [tty1] enabled
[    0.000000] console [ttyS0] enabled
[    0.000000] tsc: Detected 1996.198 MHz processor
[    0.579602] Calibrating delay loop (skipped) preset value.. 3992.39 BogoMIPS (lpj=7984792)
[    0.588887] pid_max: default: 32768 minimum: 301
[    0.593457] ACPI: Core revision 20150930
[    0.600332] ACPI: 2 ACPI AML tables successfully acquired and loaded
[    0.607927] Security Framework initialized
[    0.611907] Yama: becoming mindful.
[    0.615903] AppArmor: AppArmor initialized
[    0.620153] Dentry cache hash table entries: 131072 (order: 8, 1048576 bytes)
[    0.632380] Inode-cache hash table entries: 65536 (order: 7, 524288 bytes)
[    0.642258] Mount-cache hash table entries: 2048 (order: 2, 16384 bytes)
[    0.652013] Mountpoint-cache hash table entries: 2048 (order: 2, 16384 bytes)
[    0.660316] Initializing cgroup subsys io
[    0.664595] Initializing cgroup subsys memory
[    0.668894] Initializing cgroup subsys devices
[    0.673365] Initializing cgroup subsys freezer
[    0.678077] Initializing cgroup subsys net_cls
[    0.684768] Initializing cgroup subsys perf_event
[    0.690087] Initializing cgroup subsys net_prio
[    0.695578] Initializing cgroup subsys hugetlb
[    0.701755] Initializing cgroup subsys pids
[    0.714415] mce: CPU supports 0 MCE banks
[    0.719758] Last level iTLB entries: 4KB 1024, 2MB 1024, 4MB 512
[    0.726692] Last level dTLB entries: 4KB 2048, 2MB 2048, 4MB 1024, 1GB 0
[    0.734077] Spectre V1 : Mitigation: usercopy/swapgs barriers and __user pointer sanitization
[    0.742142] Spectre V2 : Spectre mitigation: LFENCE not serializing, switching to generic retpoline
[    0.751946] Spectre V2 : Mitigation: Full generic retpoline
[    0.757255] Spectre V2 : Spectre v2 / SpectreRSB mitigation: Filling RSB on context switch
[    0.805584] Freeing SMP alternatives memory: 36K
[    0.897881] ftrace: allocating 32380 entries in 127 pages
[    1.512338] smpboot: APIC(0) Converting physical 0 to logical package 0
[    1.519799] smpboot: Max logical packages: 1
[    1.538336] ..TIMER: vector=0x30 apic1=0 pin1=2 apic2=-1 pin2=-1
[    1.652911] APIC calibration not consistent with PM-Timer: 101ms instead of 100ms
[    1.660616] APIC delta adjusted to PM-Timer: 6332691 (6410215)
[    1.667978] smpboot: CPU0: AMD Ryzen 7 4700U with Radeon Graphics (family: 0x17, model: 0x60, stepping: 0x1)
[    1.678720] Performance Events: Broken PMU hardware detected, using software events only.
[    1.687722] Failed to access perfctr msr (MSR c0010007 is 0)
[    1.781637] KVM setup paravirtual spinlock
[    1.789082] x86: Booting SMP configuration:
[    1.793406] .... node  #0, CPUs:      #1
[    1.799405] kvm-clock: cpu 1, msr 0:3ffe3041, secondary cpu clock
[    1.812606] mce: CPU supports 0 MCE banks
[    1.816604] TSC synchronization [CPU#0 -> CPU#1]:
[    1.820972] Measured 47909 cycles TSC warp between CPUs, turning off TSC clock.
[    1.827490] tsc: Marking TSC unstable due to check_tsc_sync_source failed
[    0.570463] x86: Booted up 1 node, 2 CPUs
[    0.572008] smpboot: Total of 2 processors activated (7984.79 BogoMIPS)
[    0.580816] devtmpfs: initialized
[    0.585792] evm: security.selinux
[    0.588005] evm: security.SMACK64
[    0.592004] evm: security.SMACK64EXEC
[    0.596006] evm: security.SMACK64TRANSMUTE
[    0.600006] evm: security.SMACK64MMAP
[    0.604002] evm: security.ima
[    0.608003] evm: security.capability
[    0.612784] clocksource: jiffies: mask: 0xffffffff max_cycles: 0xffffffff, max_idle_ns: 7645041785100000 ns
[    0.616038] futex hash table entries: 512 (order: 3, 32768 bytes)
[    0.624252] pinctrl core: initialized pinctrl subsystem
[    0.628402] RTC time: 13:29:36, date: 02/27/23
[    0.633222] NET: Registered protocol family 16
[    0.648009] cpuidle: using governor ladder
[    0.668017] cpuidle: using governor menu
[    0.672027] PCCT header not found.
[    0.680105] ACPI: bus type PCI registered
[    0.684009] acpiphp: ACPI Hot Plug PCI Controller Driver version: 0.5
[    0.688547] PCI: Using configuration type 1 for base access
[    0.692010] PCI: Using configuration type 1 for extended access
[    0.716147] ACPI: Added _OSI(Module Device)
[    0.720000] ACPI: Added _OSI(Processor Device)
[    0.720004] ACPI: Added _OSI(3.0 _SCP Extensions)
[    0.724008] ACPI: Added _OSI(Processor Aggregator Device)
[    0.732283] ACPI: Executed 1 blocks of module-level executable AML code
[    0.742798] ACPI: Interpreter enabled
[    0.744013] ACPI: (supports S0 S5)
[    0.748003] ACPI: Using IOAPIC for interrupt routing
[    0.752357] PCI: Using host bridge windows from ACPI; if necessary, use "pci=nocrs" and report a bug
[    0.765527] ACPI: PCI Root Bridge [PCI0] (domain 0000 [bus 00-ff])
[    0.768012] acpi PNP0A03:00: _OSC: OS supports [ExtendedConfig ASPM ClockPM Segments MSI]
[    0.776680] acpi PNP0A03:00: _OSC: platform does not support [PCIeCapability]
[    0.780601] acpi PNP0A03:00: _OSC: not requesting control; platform does not support [PCIeCapability]
[    0.784009] acpi PNP0A03:00: _OSC: OS requested [PCIeHotplug PME AER PCIeCapability]
[    0.788004] acpi PNP0A03:00: _OSC: platform willing to grant [PCIeHotplug PME AER]
[    0.792010] acpi PNP0A03:00: _OSC failed (AE_SUPPORT); disabling ASPM
[    0.800047] PCI host bridge to bus 0000:00
[    0.804005] pci_bus 0000:00: root bus resource [io  0x0000-0x0cf7 window]
[    0.808005] pci_bus 0000:00: root bus resource [io  0x0d00-0xffff window]
[    0.812004] pci_bus 0000:00: root bus resource [mem 0x000a0000-0x000bffff window]
[    0.816018] pci_bus 0000:00: root bus resource [mem 0x40000000-0xfdffffff window]
[    0.820006] pci_bus 0000:00: root bus resource [bus 00-ff]
[    0.831233] pci 0000:00:01.1: legacy IDE quirk: reg 0x10: [io  0x01f0-0x01f7]
[    0.832011] pci 0000:00:01.1: legacy IDE quirk: reg 0x14: [io  0x03f6]
[    0.836011] pci 0000:00:01.1: legacy IDE quirk: reg 0x18: [io  0x0170-0x0177]
[    0.840004] pci 0000:00:01.1: legacy IDE quirk: reg 0x1c: [io  0x0376]
[    0.863896] pci 0000:00:07.0: quirk: [io  0x4000-0x403f] claimed by PIIX4 ACPI
[    0.864053] pci 0000:00:07.0: quirk: [io  0x4100-0x410f] claimed by PIIX4 SMB
[    0.876064] ACPI: PCI Interrupt Link [LNKA] (IRQs 5 9 10 *11)
[    0.884015] ACPI: PCI Interrupt Link [LNKB] (IRQs 5 9 *10 11)
[    0.890692] ACPI: PCI Interrupt Link [LNKC] (IRQs 5 *9 10 11)
[    0.898038] ACPI: PCI Interrupt Link [LNKD] (IRQs 5 9 10 *11)
[    0.906020] ACPI: Enabled 2 GPEs in block 00 to 07
[    0.912046] vgaarb: setting as boot device: PCI:0000:00:02.0
[    0.916000] vgaarb: device added: PCI:0000:00:02.0,decodes=io+mem,owns=io+mem,locks=none
[    0.916010] vgaarb: loaded
[    0.918686] vgaarb: bridge control possible 0000:00:02.0
[    0.924393] SCSI subsystem initialized
[    0.928229] ACPI: bus type USB registered
[    0.932023] usbcore: registered new interface driver usbfs
[    0.936047] usbcore: registered new interface driver hub
[    0.940022] usbcore: registered new device driver usb
[    0.944475] PCI: Using ACPI for IRQ routing
[    0.952942] NetLabel: Initializing
[    0.960005] NetLabel:  domain hash size = 128
[    0.968003] NetLabel:  protocols = UNLABELED CIPSOv4
[    0.976022] NetLabel:  unlabeled traffic allowed by default
[    0.984321] amd_nb: Cannot enumerate AMD northbridges
[    0.988262] clocksource: Switched to clocksource kvm-clock
[    1.006717] AppArmor: AppArmor Filesystem Enabled
[    1.033909] pnp: PnP ACPI init
[    1.038949] pnp: PnP ACPI: found 3 devices
[    1.090406] clocksource: acpi_pm: mask: 0xffffff max_cycles: 0xffffff, max_idle_ns: 2085701024 ns
[    1.099831] NET: Registered protocol family 2
[    1.105013] TCP established hash table entries: 8192 (order: 4, 65536 bytes)
[    1.113076] TCP bind hash table entries: 8192 (order: 5, 131072 bytes)
[    1.120486] TCP: Hash tables configured (established 8192 bind 8192)
[    1.128425] UDP hash table entries: 512 (order: 2, 16384 bytes)
[    1.134527] UDP-Lite hash table entries: 512 (order: 2, 16384 bytes)
[    1.142184] NET: Registered protocol family 1
[    1.147027] pci 0000:00:00.0: Limiting direct PCI/PCI transfers
[    1.154270] pci 0000:00:01.0: Activating ISA DMA hang workarounds
[    1.160775] Unpacking initramfs...
[    1.193908] Freeing initrd memory: 14888K
[    1.537269] clocksource: tsc: mask: 0xffffffffffffffff max_cycles: 0x398c4cd2e06, max_idle_ns: 881590501937 ns
[    1.551878] platform rtc_cmos: registered platform RTC device (no PNP device found)
[    1.560008] Scanning for low memory corruption every 60 seconds
[    1.568424] audit: initializing netlink subsys (disabled)
[    1.574025] audit: type=2000 audit(1677504581.395:1): initialized
[    1.579878] Initialise system trusted keyring
[    1.586517] HugeTLB registered 2 MB page size, pre-allocated 0 pages
[    1.596043] zbud: loaded
[    1.601026] VFS: Disk quotas dquot_6.6.0
[    1.606657] VFS: Dquot-cache hash table entries: 512 (order 0, 4096 bytes)
[    1.614793] squashfs: version 4.0 (2009/01/31) Phillip Lougher
[    1.622926] fuse init (API version 7.23)
[    1.627923] Key type big_key registered
[    1.632774] Allocating IMA MOK and blacklist keyrings.
[    1.653797] Key type asymmetric registered
[    1.658448] Asymmetric key parser 'x509' registered
[    1.662911] Block layer SCSI generic (bsg) driver version 0.4 loaded (major 249)
[    1.671091] io scheduler noop registered
[    1.674886] io scheduler deadline registered (default)
[    1.680199] io scheduler cfq registered
[    1.684027] pci_hotplug: PCI Hot Plug PCI Core version: 0.5
[    1.689419] pciehp: PCI Express Hot Plug Controller Driver version: 0.4
[    1.695564] ACPI: AC Adapter [AC] (on-line)
[    1.699572] input: Power Button as /devices/LNXSYSTM:00/LNXPWRBN:00/input/input0
[    1.706581] ACPI: Power Button [PWRF]
[    1.710313] input: Sleep Button as /devices/LNXSYSTM:00/LNXSLPBN:00/input/input1
[    1.717140] ACPI: Sleep Button [SLPF]
[    1.722102] GHES: HEST is not enabled!
[    1.723701] ACPI: Battery Slot [BAT0] (battery present)
[    1.731587] Serial: 8250/16550 driver, 32 ports, IRQ sharing enabled
[    1.763723] 00:02: ttyS0 at I/O 0x3f8 (irq = 4, base_baud = 115200) is a 16550A
[    1.791862] Linux agpgart interface v0.103
[    1.814872] loop: module loaded
[    1.822998] scsi host0: ata_piix
[    1.828183] scsi host1: ata_piix
[    1.831522] ata1: PATA max UDMA/33 cmd 0x1f0 ctl 0x3f6 bmdma 0xd000 irq 14
[    1.837989] ata2: PATA max UDMA/33 cmd 0x170 ctl 0x376 bmdma 0xd008 irq 15
[    1.844806] libphy: Fixed MDIO Bus: probed
[    1.849548] tun: Universal TUN/TAP device driver, 1.6
[    1.853496] tun: (C) 1999-2004 Max Krasnyansky <maxk@qualcomm.com>
[    1.860649] PPP generic driver version 2.4.2
[    1.865924] ehci_hcd: USB 2.0 'Enhanced' Host Controller (EHCI) Driver
[    1.872174] ehci-pci: EHCI PCI platform driver
[    1.876050] ehci-platform: EHCI generic platform driver
[    1.881571] ohci_hcd: USB 1.1 'Open' Host Controller (OHCI) Driver
[    1.887061] ohci-pci: OHCI PCI platform driver
[    1.892947] ohci-platform: OHCI generic platform driver
[    1.898093] uhci_hcd: USB Universal Host Controller Interface driver
[    1.904110] i8042: PNP: PS/2 Controller [PNP0303:PS2K,PNP0f03:PS2M] at 0x60,0x64 irq 1,12
[    1.915368] serio: i8042 KBD port at 0x60,0x64 irq 1
[    1.920132] serio: i8042 AUX port at 0x60,0x64 irq 12
[    1.926604] mousedev: PS/2 mouse device common for all mice
[    1.935679] input: AT Translated Set 2 keyboard as /devices/platform/i8042/serio0/input/input2
[    1.948540] rtc_cmos rtc_cmos: rtc core: registered rtc_cmos as rtc0
[    1.954964] rtc_cmos rtc_cmos: alarms up to one day, 114 bytes nvram
[    1.958350] i2c /dev entries driver
[    1.958350] device-mapper: uevent: version 1.0.3
[    1.970314] device-mapper: ioctl: 4.34.0-ioctl (2015-10-28) initialised: dm-devel@redhat.com
[    1.978311] ledtrig-cpu: registered to indicate activity on CPUs
[    1.987831] NET: Registered protocol family 10
[    1.994874] NET: Registered protocol family 17
[    1.999484] Key type dns_resolver registered
[    2.008481] registered taskstats version 1
[    2.012818] Loading compiled-in X.509 certificates
[    2.018217] Loaded X.509 cert 'Build time autogenerated kernel key: cf00e047681d67edb2720680708b7d9498083038'
[    2.027376] zswap: loaded using pool lzo/zbud
[    2.033706] Key type trusted registered
[    2.041336] Key type encrypted registered
[    2.045617] AppArmor: AppArmor sha1 policy hashing enabled
[    2.050624] ima: No TPM chip found, activating TPM-bypass!
[    2.056193] ima: Allocated hash algorithm: sha1
[    2.060617] evm: HMAC attrs: 0x1
[    2.065384]   Magic number: 11:309:484
[    2.069734] rtc_cmos rtc_cmos: setting system clock to 2023-02-27 13:29:38 UTC (1677504578)
[    2.077852] BIOS EDD facility v0.16 2004-Jun-25, 0 devices found
[    2.083462] EDD information not available.
[    2.090038] Freeing unused kernel memory: 1492K
[    2.105298] Write protecting the kernel read-only data: 14336k
[    2.114004] Freeing unused kernel memory: 1584K
[    2.120937] Freeing unused kernel memory: 52K
Loading, please wait...
starting version 229
[    2.156712] random: systemd-udevd: uninitialized urandom read (16 bytes read, 9 bits of entropy available)
[    2.156967] random: udevadm: uninitialized urandom read (16 bytes read, 9 bits of entropy available)
[    2.156990] random: udevadm: uninitialized urandom read (16 bytes read, 9 bits of entropy available)
[    2.167632] random: udevadm: uninitialized urandom read (16 bytes read, 9 bits of entropy available)
[    2.167676] random: udevadm: uninitialized urandom read (16 bytes read, 9 bits of entropy available)
[    2.167852] random: udevadm: uninitialized urandom read (16 bytes read, 9 bits of entropy available)
[    2.167894] random: udevadm: uninitialized urandom read (16 bytes read, 9 bits of entropy available)
[    2.167968] random: udevadm: uninitialized urandom read (16 bytes read, 9 bits of entropy available)
[    2.168069] random: udevadm: uninitialized urandom read (16 bytes read, 9 bits of entropy available)
[    2.168104] random: udevadm: uninitialized urandom read (16 bytes read, 9 bits of entropy available)
[    2.283726] e1000: Intel(R) PRO/1000 Network Driver - version 7.3.21-k8-NAPI
[    2.290440] e1000: Copyright (c) 1999-2006 Intel Corporation.
[    2.302262] Fusion MPT base driver 3.04.20
[    2.306835] Copyright (c) 1999-2008 LSI Corporation
[    2.350863] Fusion MPT SPI Host driver 3.04.20
[    2.358121] SSE version of gcm_enc/dec engaged.
[    2.933387] input: ImExPS/2 Generic Explorer Mouse as /devices/platform/i8042/serio1/input/input4
[    2.969054] e1000 0000:00:03.0 eth0: (PCI:33MHz:32-bit) 02:be:82:6b:cc:1d
[    2.977673] e1000 0000:00:03.0 eth0: Intel(R) PRO/1000 Network Connection
[    2.986289] mptbase: ioc0: Initiating bringup
[    2.987266] e1000 0000:00:03.0 enp0s3: renamed from eth0
[    3.079369] ioc0: LSI53C1030 A0: Capabilities={Initiator}
[    3.817095] scsi host2: ioc0: LSI53C1030 A0, FwRev=00000000h, Ports=1, MaxQ=256, IRQ=20
[    3.970773] scsi 2:0:0:0: Direct-Access     VBOX     HARDDISK         1.0  PQ: 0 ANSI: 5
[    3.980661] scsi target2:0:0: Beginning Domain Validation
[    3.995544] scsi target2:0:0: Domain Validation skipping write tests
[    4.002926] scsi target2:0:0: Ending Domain Validation
[    4.009616] scsi target2:0:0: asynchronous
[    4.042319] scsi 2:0:1:0: Direct-Access     VBOX     HARDDISK         1.0  PQ: 0 ANSI: 5
[    4.051167] scsi target2:0:1: Beginning Domain Validation
[    4.068215] scsi target2:0:1: Domain Validation skipping write tests
[    4.075908] scsi target2:0:1: Ending Domain Validation
[    4.081139] scsi target2:0:1: asynchronous
[    4.125046] sd 2:0:0:0: Attached scsi generic sg0 type 0
[    4.131985] sd 2:0:0:0: [sda] 83886080 512-byte logical blocks: (42.9 GB/40.0 GiB)
[    4.141573] sd 2:0:1:0: Attached scsi generic sg1 type 0
[    4.148742] sd 2:0:0:0: [sda] Write Protect is off
[    4.152800] sd 2:0:1:0: [sdb] 20480 512-byte logical blocks: (10.5 MB/10.0 MiB)
[    4.153890] sd 2:0:1:0: [sdb] Write Protect is off
[    4.154793] sd 2:0:1:0: [sdb] Incomplete mode parameter data
[    4.154794] sd 2:0:1:0: [sdb] Assuming drive cache: write through
[    4.164434] sd 2:0:1:0: [sdb] Attached SCSI disk
[    4.191741] sd 2:0:0:0: [sda] Incomplete mode parameter data
[    4.197392] sd 2:0:0:0: [sda] Assuming drive cache: write through
[    4.211018]  sda: sda1
[    4.218739] sd 2:0:0:0: [sda] Attached SCSI disk
Begin: Loading essential drivers ... [    5.852067] md: linear personality registered for level -1
[    5.861246] md: multipath personality registered for level -4
[    5.874579] md: raid0 personality registered for level 0
[    5.898185] md: raid1 personality registered for level 1
[    6.284968] raid6: sse2x1   gen() 48344 MB/s
[    8.275353] raid6: sse2x1   xor() 132701 MB/s
[   10.277439] raid6: sse2x2   gen() 273090 MB/s
[   11.280998] raid6: sse2x2   xor() 182540 MB/s
[   11.357637] raid6: sse2x4   gen() 16781 MB/s
[   11.430578] raid6: sse2x4   xor()  8667 MB/s
[   11.435803] raid6: using algorithm sse2x2 gen() 273090 MB/s
[   11.441773] raid6: .... xor() 182540 MB/s, rmw enabled
[   11.447524] raid6: using ssse3x2 recovery algorithm
[   11.459603] xor: measuring software checksum speed
[   11.504738]    prefetch64-sse: 20920.000 MB/sec
[   11.548212]    generic_sse: 24260.000 MB/sec
[   11.552567] xor: using function: generic_sse (24260.000 MB/sec)
[   11.563253] async_tx: api initialized (async)
[   11.613124] md: raid6 personality registered for level 6
[   11.619103] md: raid5 personality registered for level 5
[   11.625119] md: raid4 personality registered for level 4
[   11.657834] md: raid10 personality registered for level 10
done.
Begin: Running /scripts/init-premount ... done.
Begin: Mounting root file system ... Begin: Running /scripts/local-top ... done.
Begin: Running /scripts/local-premount ... [   11.749965] Btrfs loaded
Scanning for Btrfs filesystems
done.
Warning: fsck not present, so skipping root file system
[   11.827792] EXT4-fs (sda1): mounted filesystem with ordered data mode. Opts: (null)
done.
Begin: Running /scripts/local-bottom ... done.
Begin: Running /scripts/init-bottom ... done.
[   12.041844] systemd[1]: systemd 229 running in system mode. (+PAM +AUDIT +SELINUX +IMA +APPARMOR +SMACK +SYSVINIT +UTMP +LIBCRYPTSETUP +GCRYPT +GNUTLS +ACL +XZ -LZ4 +SECCOMP +BLKID +ELFUTILS +KMOD -IDN)
[   12.057954] systemd[1]: Detected virtualization oracle.
[   12.065451] systemd[1]: Detected architecture x86-64.

Welcome to [1mUbuntu 16.04.7 LTS[0m!

[   12.087738] systemd[1]: Set hostname to <ubuntu>.
[   12.100775] systemd[1]: Initializing machine ID from random generator.
[   12.107251] systemd[1]: Installed transient /etc/machine-id file.
[   12.356339] systemd[1]: Reached target Encrypted Volumes.
[[0;32m  OK  [0m] Reached target Encrypted Volumes.
[   12.365802] systemd[1]: Reached target Swap.
[[0;32m  OK  [0m] Reached target Swap.
[   12.374084] systemd[1]: Listening on Journal Socket (/dev/log).
[[0;32m  OK  [0m] Listening on Journal Socket (/dev/log).
[   12.386910] systemd[1]: Listening on udev Kernel Socket.
[[0;32m  OK  [0m] Listening on udev Kernel Socket.
[   12.395355] systemd[1]: Listening on /dev/initctl Compatibility Named Pipe.
[[0;32m  OK  [0m] Listening on /dev/initctl Compatibility Named Pipe.
[   12.409621] systemd[1]: Created slice System Slice.
[[0;32m  OK  [0m] Created slice System Slice.
[   12.418413] systemd[1]: Created slice system-serial\x2dgetty.slice.
[[0;32m  OK  [0m] Created slice system-serial\x2dgetty.slice.
[   12.432647] systemd[1]: Created slice User and Session Slice.
[[0;32m  OK  [0m] Created slice User and Session Slice.
[   12.442794] systemd[1]: Set up automount Arbitrary Executable File Formats File System Automount Point.
[[0;32m  OK  [0m] Set up automount Arbitrary Executab...ats File System Automount Point.
[   12.457103] systemd[1]: Started Forward Password Requests to Wall Directory Watch.
[[0;32m  OK  [0m] Started Forward Password Requests to Wall Directory Watch.
[   12.473128] systemd[1]: Listening on fsck to fsckd communication Socket.
[[0;32m  OK  [0m] Listening on fsck to fsckd communication Socket.
[   12.484352] systemd[1]: Started Trigger resolvconf update for networkd DNS.
[[0;32m  OK  [0m] Started Trigger resolvconf update for networkd DNS.
[   12.497786] systemd[1]: Listening on udev Control Socket.
[[0;32m  OK  [0m] Listening on udev Control Socket.
[   12.506373] systemd[1]: Listening on Journal Audit Socket.
[[0;32m  OK  [0m] Listening on Journal Audit Socket.
[   12.518017] systemd[1]: Reached target Slices.
[[0;32m  OK  [0m] Reached target Slices.
[   12.526771] systemd[1]: Listening on LVM2 poll daemon socket.
[[0;32m  OK  [0m] Listening on LVM2 poll daemon socket.
[   12.539594] systemd[1]: Listening on Device-mapper event daemon FIFOs.
[[0;32m  OK  [0m] Listening on Device-mapper event daemon FIFOs.
[   12.553952] systemd[1]: Reached target System Time Synchronized.
[[0;32m  OK  [0m] Reached target System Time Synchronized.
[   12.569471] systemd[1]: Reached target User and Group Name Lookups.
[[0;32m  OK  [0m] Reached target User and Group Name Lookups.
[   12.582556] systemd[1]: Listening on Syslog Socket.
[[0;32m  OK  [0m] Listening on Syslog Socket.
[   12.596097] systemd[1]: Listening on LVM2 metadata daemon socket.
[[0;32m  OK  [0m] Listening on LVM2 metadata daemon socket.
[   12.613146] systemd[1]: Listening on Journal Socket.
[[0;32m  OK  [0m] Listening on Journal Socket.
[   12.636819] systemd[1]: Starting Create list of required static device nodes for the current kernel...
         Starting Create list of required st... nodes for the current kernel...
[   12.652099] systemd[1]: Starting File System Check on Root Device...
[   12.660994] random: nonblocking pool is initialized
         Starting File System Check on Root Device...
[   12.669079] systemd[1]: Mounting Huge Pages File System...
         Mounting Huge Pages File System...
[   12.680987] systemd[1]: Starting Nameserver information manager...
         Starting Nameserver information manager...
[   12.694260] systemd[1]: Starting Journal Service...
         Starting Journal Service...
[   12.703847] systemd[1]: Starting Uncomplicated firewall...
         Starting Uncomplicated firewall...
[   12.718087] systemd[1]: Starting Set console keymap...
         Starting Set console keymap...
[   12.729664] systemd[1]: Mounting POSIX Message Queue File System...
         Mounting POSIX Message Queue File System...
[   12.743108] systemd[1]: Starting Monitoring of LVM2 mirrors, snapshots etc. using dmeventd or progress polling...
         Starting Monitoring of LVM2 mirrors... dmeventd or progress polling...
[   12.764081] systemd[1]: Mounting Debug File System...
         Mounting Debug File System...
[   12.786548] systemd[1]: Starting Load Kernel Modules...
         Starting Load Kernel Modules...
[   12.807457] systemd[1]: Mounted Huge Pages File System.
[[   12.815783] Loading iSCSI transport class v2.0-870.
[0;32m  OK  [0m] Mounted Huge Pages File System.
[   12.823942] systemd[1]: Mounted POSIX Message Queue File System.
[[0;32m  OK  [0m] Mounted POSIX Message Queue File System.
[   12.844962] iscsi: registered transport (tcp)
[   12.845381] systemd[1]: Mounted Debug File System.
[[0;32m  OK  [0m] Mounted Debug File System.
[   12.862044] systemd[1]: Started Journal Service.
[[0;32m  OK  [0m] Started Journal Service.
[[0;32m  OK  [0m] Started Create list of required sta...ce nodes for the current kernel.
[[0;32m  OK  [0m] Started File System Check on Root Device.
[[0;32m  OK  [0m] Started Uncomplicated firewall.
[[0;32m  OK  [0m] Started Set console keymap.
[[0;32m  OK  [0m] Started Nameserver information manager.
[   12.951056] iscsi: registered transport (iser)
[[0;32m  OK  [0m] Started LVM2 metadata daemon.
[[0;32m  OK  [0m] Started File System Check Daemon to report status.
         Starting Remount Root and Kernel File Systems...
[   12.986005] EXT4-fs (sda1): re-mounted. Opts: (null)
         Starting Create Static Device Nodes in /dev...
[[0;32m  OK  [0m] Started Load Kernel Modules.
[[0;32m  OK  [0m] Started Remount Root and Kernel File Systems.
[[0;32m  OK  [0m] Started Create Static Device Nodes in /dev.
         Starting udev Kernel Device Manager...
         Starting Flush Journal to Persistent Storage...
         Starting Load/Save Random Seed...
         Starting udev Coldplug all Devices...
         Mounting FUSE Control File System...
         Starting Apply Kernel Variables...
[[0;32m  OK  [0m] Mounted FUSE Control File System.
[[0;32m  OK  [0m] Started Load/Save Random Seed.
[[0;32m  OK  [0m] Started Apply Kernel Variables.
[[0;32m  OK  [0m] Started Flush Journal to Persistent Storage.
[[0;32m  OK  [0m] Started Monitoring of LVM2 mirrors,...ng dmeventd or progress polling.
[[0;32m  OK  [0m] Started udev Coldplug all Devices.
[[0;32m  OK  [0m] Reached target Local File Systems (Pre).
[[0;32m  OK  [0m] Reached target Local File Systems.
         Starting Set console font and keymap...
         Starting Initial cloud-init job (pre-networking)...
         Starting Tell Plymouth To Write Out Runtime Data...
         Starting LSB: AppArmor initialization...
         Starting Commit a transient machine-id on disk...
         Starting Create Volatile Files and Directories...
[[0;32m  OK  [0m] Started udev Kernel Device Manager.
[[0;32m  OK  [0m] Started Tell Plymouth To Write Out Runtime Data.
[[0;32m  OK  [0m] Started Commit a transient machine-id on disk.
[[0;32m  OK  [0m] Started Create Volatile Files and Directories.
[[0;32m  OK  [0m] Found device /dev/ttyS0.
[[0;32m  OK  [0m] Listening on Load/Save RF Kill Switch Status /dev/rfkill Watch.
         Starting Update UTMP about System Boot/Shutdown...
[[0;32m  OK  [0m] Started Dispatch Password Requests to Console Directory Watch.
[[0;32m  OK  [0m] Started Update UTMP about System Boot/Shutdown.
[[0;32m  OK  [0m] Started Set console font and keymap.
[[0;32m  OK  [0m] Created slice system-getty.slice.
[[0;32m  OK  [0m] Started LSB: AppArmor initialization.
         Starting Load AppArmor profiles managed internally by snapd...
[[0;32m  OK  [0m] Started Load AppArmor profiles managed internally by snapd.
[   16.262144] cloud-init[492]: Cloud-init v. 21.1-19-gbad84ad4-0ubuntu1~16.04.2 running 'init-local' at Mon, 27 Feb 2023 13:29:52 +0000. Up 15.93 seconds.
[[0;32m  OK  [0m] Started Initial cloud-init job (pre-networking).
[[0;32m  OK  [0m] Reached target Network (Pre).
         Starting Raise network interfaces...
[[0;32m  OK  [0m] Started Raise network interfaces.
         Starting Initial cloud-init job (metadata service crawler)...
[[0;32m  OK  [0m] Reached target Network.
[   18.026983] cloud-init[951]: Cloud-init v. 21.1-19-gbad84ad4-0ubuntu1~16.04.2 running 'init' at Mon, 27 Feb 2023 13:29:53 +0000. Up 16.90 seconds.
[   18.035584] cloud-init[951]: ci-info: ++++++++++++++++++++++++++++++++++++++Net device info++++++++++++++++++++++++++++++++++++++
[   18.046246] cloud-init[951]: ci-info: +--------+------+----------------------------+---------------+--------+-------------------+
[   18.054567] cloud-init[951]: ci-info: | Device |  Up  |          Address           |      Mask     | Scope  |     Hw-Address    |
[   18.064020] cloud-init[951]: ci-info: +--------+------+----------------------------+---------------+--------+-------------------+
[   18.072221] cloud-init[[0;32m  OK  [0m] Started Initial cloud-init job (metadata service crawler).
[[0;32m  OK  [0m] Reached target Cloud-config availability.
[[0;32m  OK  [0m] Reached target System Initialization.
         Starting Socket activation for snappy daemon.
[951]: ci-info: | enp0s3 | True |         10.0.2.15          | 255.255.255.0 | global | 02:be:82:6b:cc:1d |
[   18.088088] cloud-init[951]: [[0;32m  OK  [0m] Started ACPI Events Check.
[[0;32m  OK  [0m] Reached target Paths.
[[0;32m  OK  [0m] Started Ubuntu Advantage update messaging.
[[0;32m  OK  [0m] Started Daily apt download activities.
[[0;32m  OK  [0m] Started Daily apt upgrade and clean activities.
[[0;32m  OK  [0m] Listening on ACPID Listen Socket.
[[0;32m  OK  [0m] Listening on UUID daemon activation socket.
[[0;32m  OK  [0m] Started Message of the Day.
[[0;32m  OK  [0m] Listening on D-Bus System Message Bus Socket.
[[0;32m  OK  [0m] Started Daily Cleanup of Temporary Directories.
[[0;32m  OK  [0m] Reached target Timers.
ci-info: | enp0s3 | True | fe80::be:82ff:fe6b:cc1d/64 |       .       |  link  | 02:be:82:6b:cc:1d |
[   18.114028] cloud-init[951]: ci-info: |   lo   | True |         127.0.0.1          |   255.0.0.0   |  host  |         .         |
         Starting LXD - unix socket.
[   18.122920] [[0;32m  OK  [0m] Reached target Network is Online.
cloud-init[951]: ci-info: |   lo   | True |          ::1/128           |       .       |  host  |         .         |
[   18.133633] cloud-init[951]: ci-info: +--------+------+----------------------------+---------------+--------+-------------------+
[   18.141653] cloud-init[951]: ci-info: +++++++++++++++++++++++++++Route IPv4 info++++++++++++++++++++++++++++
         Starting iSCSI initiator daemon (iscsid)...
[   18.153045] cloud-init[951]: ci-info: +-------+-------------+----------+---------------+-----------+-------+
[   18.153899] cloud-init[951]: ci-info: | Route | Destination | Gateway  |    Genmask    | Interface | Flags |
[   18.153926] cloud-init[951]: ci-info: +-------+-------------+----------+---------------+-----------+-------+
[   18.153947] cloud-init[951]: ci-info: |   0   |   0.0.0.0   | 10.0.2.2 |    0.0.0.0    |   enp0s3  |   UG  |
[   18.154393] cloud-init[951]: ci-info: |   1   |   10.0.2.0  | 0.0.0.0  | 255.255.255.0 |   enp0s3  |   U   |
[   18.154808] cloud-init[951]: ci-info: +-------+-------------+----------+---------------+-----------+-------+
[   18.155211] cloud-init[951]: ci-info: +++++++++++++++++++Route IPv6 info+++++++++++++++++++
[   18.155738] cloud-init[951]: ci-info: +-------+-------------+---------+-----------+-------+
[   18.156793] cloud-init[951]: ci-info: | Route | Destination | Gateway | Interface | Flags |
[   18.157165] cloud-init[951]: ci-info: +-------+-------------+---------+-----------+-------+
[   18.157552] cloud-init[951]: ci-info: |   0   |  fe80::/64  |    ::   |   enp0s3  |   U   |
[   18.157935] cloud-init[951]: ci-info: |   3   |   ff00::/8  |    ::   |   enp0s3  |   U   |
[   18.158379] cloud-init[951]: ci-info: +-------+-------------+---------+-----------+-------+
[   18.159404] cloud-init[951]: Generating public/private rsa key pair.
[   18.159703] cloud-init[951]: Your identification has been saved in /etc/ssh/ssh_host_rsa_key.
[   18.160557] cloud-init[951]: Your public key has been saved in /etc/ssh/ssh_host_rsa_key.pub.
[   18.160929] cloud-init[951]: The key fingerprint is:
[   18.161348] cloud-init[951]: SHA256:T/bRk338Zf10UEZCCZqzmpdMZoUkEJp42C83etsasqQ root@ubuntu-xenial
[   18.161371] cloud-init[951]: The key's randomart image is:
[   18.161391] cloud-init[951]: +---[RSA 2048]----+
[   18.161414] cloud-init[951]: |      oo. . .ooo+|
[   18.161472] cloud-init[951]: |   + o   o +  .+ |
[   18.161501] cloud-init[951]: |  o =     = . .  |
[   18.161521] cloud-init[951]: |   . .     + . =.|
[   18.161540] cloud-init[951]: |    . + S B . + X|
[   18.161992] cloud-init[951]: |     + . @ o . +*|
[   18.162372] cloud-init[951]: |    + o o = .   o|
[   18.162803] cloud-init[951]: |   o + + .       |
[   18.163188] cloud-init[951]: |  E . o..        |
[   18.163577] cloud-init[951]: +----[SHA256]-----+
[   18.164001] cloud-init[951]: Generating public/private dsa key pair.
[   18.164799] cloud-init[951]: Your identification has been saved in /etc/ssh/ssh_host_dsa_key.
[   18.165186] cloud-init[951]: Your public key has been saved in /etc/ssh/ssh_host_dsa_key.pub.
[   18.165580] cloud-init[951]: The key fingerprint is:
[   18.165971] cloud-init[951]: SHA256:wUNyIgrdvWyBZpiFho3q5CNnMexR6EPvbez9jQx/3B0 root@ubuntu-xenial
[   18.166363] cloud-init[951]: The key's randomart image is:
[   18.166755] cloud-init[951]: +---[DSA 1024]----+
[   18.167146] cloud-init[951]: |.= Booo o        |
[   18.167555] cloud-init[951]: |o.X.*.o*         |
[   18.167944] cloud-init[951]: |.=.= . o+        |
[   18.168770] cloud-init[951]: |..B . +  o       |
[   18.169197] cloud-init[951]: |+. * +  S        |
[   18.169553] cloud-init[951]: |.++ . +        E |
[   18.170007] cloud-init[951]: |.o.  o ..  . . ..|
[   18.170397] cloud-init[951]: |      . .+ oo . .|
[   18.170789] cloud-init[951]: |         .=..    |
[   18.171177] cloud-init[951]: +----[SHA256]-----+
[   18.171599] cloud-init[951]: Generating public/private ecdsa key pair.
[   18.173286] cloud-init[951]: Your identification has been saved in /etc/ssh/ssh_host_ecdsa_key.
[   18.174116] cloud-init[951]: Your public key has been saved in /etc/ssh/ssh_host_ecdsa_key.pub.
[   18.174509] cloud-init[951]: The key fingerprint is:
[   18.174983] cloud-init[951]: SHA256:UoFzFFjVMSwT17kVxWMoff/Uc4xBBRrbBKhEsI+pP/s root@ubuntu-xenial
[   18.175394] cloud-init[951]: The key's randomart image is:
[   18.175772] cloud-init[951]: +---[ECDSA 256]---+
[   18.176932] cloud-init[951]: |      .B*oo=B==*=|
[   18.177178] cloud-init[951]: |      +.o.+ooX++o|
[   18.177555] cloud-init[951]: |      .+.. o+ +*+|
[   18.177941] cloud-init[951]: |       =.     o.*|
[   18.178327] cloud-init[951]: |      + S      .+|
[   18.178790] cloud-init[951]: |     . .        .|
[   18.179117] cloud-init[951]: |    .            |
[   18.179512] cloud-init[951]: |     ..          |
[   18.179908] cloud-init[951]: |      o+E        |
[   18.181529] cloud-init[951]: +----[SHA256]-----+
[   18.182977] cloud-init[951]: Generating public/private ed25519 key pair.
[   18.183301] cloud-init[951]: Your identification has been saved in /etc/ssh/ssh_host_ed25519_key.
[   18.183676] cloud-init[951]: Your public key has been saved in /etc/ssh/ssh_host_ed25519_key.pub.
[   18.184062] cloud-init[951]: The key fingerprint is:
[   18.184928] cloud-init[951]: SHA256:giXnnqz5U2DvN9RssJJz5006OPr53joNPx5DMks6dLM root@ubuntu-xenial
[   18.185264] cloud-init[951]: The key's randomart image is:
[   18.185641] cloud-init[951]: +--[ED25519 256]--+
[   18.186095] cloud-init[951]: |                 |
[   18.186423] cloud-init[951]: |                 |
[   18.186811] cloud-init[951]: |    . o          |
[   18.187210] cloud-init[951]: |     *o   .      |
[   18.295176] cloud-init[951]: |    ..ooS..=* .  |
[   18.295500] cloud-init[951]: |     o o*.++*B.  |
[   18.295888] cloud-init[951]: |      +o =o=EBo  |
[   18.296287] cloud-init[951]: |     o. . =o=.=o |
[   18.297477] cloud-init[951]: |    o....+o=+=o. |
[   18.297743] cloud-init[951]: +----[SHA256]-----+
[[0;32m  OK  [0m] Listening on Socket activation for snappy daemon.
[[0;32m  OK  [0m] Listening on LXD - unix socket.
[[0;32m  OK  [0m] Reached target Sockets.
[[0;32m  OK  [0m] Reached target Basic System.
[[0;32m  OK  [0m] Started Regular background program processing daemon.
         Starting System Logging Service...
         Starting Virtualbox guest utils...
         Starting LSB: Record successful boot for GRUB...
         Starting Accounts Service...
         Starting Login Service...
[[0;32m  OK  [0m] Started D-Bus System Message Bus.
         Starting Pollinate to seed the pseudo random number generator...
[[0;32m  OK  [0m] Started ACPI event daemon.
         Starting LSB: MD monitoring daemon...
[[0;32m  OK  [0m] Started FUSE filesystem for LXC.
         Starting /etc/rc.local Compatibility...
         Starting LXD - container startup/shutdown...
[[0;32m  OK  [0m] Started Deferred execution scheduler.
         Starting Snap Daemon...
[[0;32m  OK  [0m] Started System Logging Service.
[[0;32m  OK  [0m] Started /etc/rc.local Compatibility.
[[0;32m  OK  [0m] Started iSCSI initiator daemon (iscsid).
[[0;32m  OK  [0m] Started Login Service.
[[0;32m  OK  [0m] Started Unattended Upgrades Shutdown.
         Starting Authenticate and Authorize Users to Run Privileged Tasks...
         Starting Login to default iSCSI targets...
[[0;32m  OK  [0m] Started LSB: Record successful boot for GRUB.
[[0;32m  OK  [0m] Started LSB: MD monitoring daemon.
[[0;32m  OK  [0m] Started Login to default iSCSI targets.
[[0;32m  OK  [0m] Reached target Remote File Systems (Pre).
[[0;32m  OK  [0m] Reached target Remote File Systems.
         Starting Permit User Sessions...
         Starting LSB: daemon to balance interrupts for SMP systems...
         Starting LSB: Set the CPU Frequency Scaling governor to "ondemand"...
         Starting LSB: automatic crash report generation...
[[0;32m  OK  [0m] Started LSB: Set the CPU Frequency Scaling governor to "ondemand".
[[0;32m  OK  [0m] Started Permit User Sessions.
         Starting Terminate Plymouth Boot Screen...
         Starting Hold until boot process finishes up...
[[0;32m  OK  [0m] Started Hold until boot process finishes up.
[[0;32m  OK  [0m] Started Terminate Plymouth Boot Screen.
         Starting Set console scheme...
[[0;32m  OK  [0m] Started Serial Getty on ttyS0.
[[0;32m  OK  [0m] Started Getty on tty1.
[[0;32m  OK  [0m] Reached target Login Prompts.
[[0;32m  OK  [0m] Started LSB: daemon to balance interrupts for SMP systems.
[[0;32m  OK  [0m] Started Set console scheme.
[[0;32m  OK  [0m] Started Authenticate and Authorize Users to Run Privileged Tasks.
[[0;32m  OK  [0m] Started Accounts Service.
[[0;32m  OK  [0m] Started LSB: automatic crash report generation.
[[0;32m  OK  [0m] Started Virtualbox guest utils.
[[0;32m  OK  [0m] Started LXD - container startup/shutdown.
[[0;32m  OK  [0m] Started Snap Daemon.
         Starting Wait until snapd is fully seeded...
[[0;32m  OK  [0m] Started Pollinate to seed the pseudo random number generator.
         Starting OpenBSD Secure Shell server...
[[0;32m  OK  [0m] Started OpenBSD Secure Shell server.
[[0;32m  OK  [0m] Created slice User Slice of vagrant.
         Starting User Manager for UID 1000...
[[0;32m  OK  [0m] Started Session 1 of user vagrant.
[[0;32m  OK  [0m] Started User Manager for UID 1000.
[[0;32m  OK  [0m] Started Wait until snapd is fully seeded.
         Starting Apply the settings specified in cloud-config...
[[0;32m  OK  [0m] Reached target Multi-User System.
[[0;32m  OK  [0m] Reached target Graphical Interface.
         Starting Update UTMP about System Runlevel Changes...
[[0;32m  OK  [0m] Started Update UTMP about System Runlevel Changes.
[   21.109619] cloud-init[1373]: Generating locales (this might take a while)...
[   22.195355] cloud-init[1373]:   en_US.UTF-8... done
[   22.200463] cloud-init[1373]: Generation complete.
[   22.618831] cloud-init[1373]: Cloud-init v. 21.1-19-gbad84ad4-0ubuntu1~16.04.2 running 'modules:config' at Mon, 27 Feb 2023 13:29:57 +0000. Up 20.95 seconds.
[[0;32m  OK  [0m] Started Apply the settings specified in cloud-config.
         Starting Execute cloud user/final scripts...
ci-info: no authorized SSH keys fingerprints found for user ubuntu.
<14>Feb 27 13:29:59 ec2: 
<14>Feb 27 13:29:59 ec2: #############################################################
<14>Feb 27 13:29:59 ec2: -----BEGIN SSH HOST KEY FINGERPRINTS-----
<14>Feb 27 13:29:59 ec2: 1024 SHA256:wUNyIgrdvWyBZpiFho3q5CNnMexR6EPvbez9jQx/3B0 root@ubuntu-xenial (DSA)
<14>Feb 27 13:29:59 ec2: 256 SHA256:UoFzFFjVMSwT17kVxWMoff/Uc4xBBRrbBKhEsI+pP/s root@ubuntu-xenial (ECDSA)
<14>Feb 27 13:29:59 ec2: 256 SHA256:giXnnqz5U2DvN9RssJJz5006OPr53joNPx5DMks6dLM root@ubuntu-xenial (ED25519)
<14>Feb 27 13:29:59 ec2: 2048 SHA256:T/bRk338Zf10UEZCCZqzmpdMZoUkEJp42C83etsasqQ root@ubuntu-xenial (RSA)
<14>Feb 27 13:29:59 ec2: -----END SSH HOST KEY FINGERPRINTS-----
<14>Feb 27 13:29:59 ec2: #############################################################
-----BEGIN SSH HOST KEY KEYS-----
ecdsa-sha2-nistp256 AAAAE2VjZHNhLXNoYTItbmlzdHAyNTYAAAAIbmlzdHAyNTYAAABBBB/eejVDqFMpOqSOjHa8cdI9kFRCJorbWkQ/Iq1DkT52HqCmmp+fa0VLdEPkPAwKvdwj/r/I2oW4TdmhqAZ+owM= root@ubuntu-xenial
ssh-ed25519 AAAAC3NzaC1lZDI1NTE5AAAAIB0jjbtFDzN5OUP7bPAu9rYN8UgeY0X7o0szRccFSQcY root@ubuntu-xenial
ssh-rsa AAAAB3NzaC1yc2EAAAADAQABAAABAQDfjIin8eb4bSlZLjaARi6NBtw0+RE0OfY/pYu2ZRRgtysFGyjCs3ZXF2cQYaXTZQr2KPbObT5Ra3AMuDzAA7x7I2wKc5Xj1lOth+Ny1mYXPR7bgkmOnj+GFZ4lB6l6hRmIIhGWKphypz0h+Y2pbEHqxj9VgX9q92IC8TmqtnpsFzQk6Pul1Dj9M7IAs/MelYU+6Mu5cq6qO7V9Xo5yI2IxpptAezDYaEtCexaJR3AXq+5/xzEx5LpvCpbTCewDI3QSnMuvUsBIE/6H/+Vif5Ml7SZM+y6OCevPvRmuxH872gQvrUTXECTk7mHMnkx+/xm4s1b1i74UA4oGckrAh091 root@ubuntu-xenial
-----END SSH HOST KEY KEYS-----
[   23.093977] cloud-init[1542]: Cloud-init v. 21.1-19-gbad84ad4-0ubuntu1~16.04.2 running 'modules:final' at Mon, 27 Feb 2023 13:29:59 +0000. Up 22.90 seconds.
[   23.103826] cloud-init[1542]: ci-info: no authorized SSH keys fingerprints found for user ubuntu.
[   23.112724] cloud-init[1542]: Cloud-init v. 21.1-19-gbad84ad4-0ubuntu1~16.04.2 finished at Mon, 27 Feb 2023 13:29:59 +0000. Datasource DataSourceNoCloud [seed=/dev/sdb][dsmode=net].  Up 23.08 seconds
[[0;32m  OK  [0m] Started Execute cloud user/final scripts.
[[0;32m  OK  [0m] Reached target Cloud-init target.

Ubuntu 16.04.7 LTS ubuntu-xenial ttyS0

ubuntu-xenial login: 